../Core/Src/main.c:57:12:rpmsg_recv_callback	24	static
../Core/Src/main.c:67:14:receive_message	8	static
../Core/Src/main.c:149:5:main	24	static
../Core/Src/main.c:278:13:MX_SPI3_Init	8	static
../Core/Src/main.c:326:13:MX_TIM2_Init	40	static
../Core/Src/main.c:371:13:MX_GPIO_Init	40	static
../Core/Src/main.c:411:6:HAL_GPIO_EXTI_Callback	16	static
../Core/Src/main.c:414:9:WR_CMD	32	static
../Core/Src/main.c:426:6:EXTI3_Configuration	32	static
../Core/Src/main.c:451:6:rxTaskFun	24	static
../Core/Src/main.c:473:6:txTaskFun	16	static
../Core/Src/main.c:491:6:TestTaskFun	16	static
../Core/Src/main.c:536:6:HAL_TIM_PeriodElapsedCallback	16	static
../Core/Src/main.c:555:6:Error_Handler	4	static,ignoring_inline_asm
