Archive member included to satisfy reference by file (symbol)

D:/STM32CubeIDE_1.16.0/STM32CubeIDE/plugins/com.st.stm32cube.ide.mcu.externaltools.gnu-tools-for-stm32.12.3.rel1.win32_1.0.200.202406191623/tools/bin/../lib/gcc/arm-none-eabi/12.3.1/../../../../arm-none-eabi/lib/thumb/v7e-m+dp/hard\libc_nano.a(libc_a-assert.o)
                              ./Middlewares/Third_Party/OpenAMP/device.o (__assert_func)
D:/STM32CubeIDE_1.16.0/STM32CubeIDE/plugins/com.st.stm32cube.ide.mcu.externaltools.gnu-tools-for-stm32.12.3.rel1.win32_1.0.200.202406191623/tools/bin/../lib/gcc/arm-none-eabi/12.3.1/../../../../arm-none-eabi/lib/thumb/v7e-m+dp/hard\libc_nano.a(libc_a-exit.o)
                              D:/STM32CubeIDE_1.16.0/STM32CubeIDE/plugins/com.st.stm32cube.ide.mcu.externaltools.gnu-tools-for-stm32.12.3.rel1.win32_1.0.200.202406191623/tools/bin/../lib/gcc/arm-none-eabi/12.3.1/../../../../arm-none-eabi/lib/thumb/v7e-m+dp/hard/crt0.o (exit)
D:/STM32CubeIDE_1.16.0/STM32CubeIDE/plugins/com.st.stm32cube.ide.mcu.externaltools.gnu-tools-for-stm32.12.3.rel1.win32_1.0.200.202406191623/tools/bin/../lib/gcc/arm-none-eabi/12.3.1/../../../../arm-none-eabi/lib/thumb/v7e-m+dp/hard\libc_nano.a(libc_a-malloc.o)
                              ./Middlewares/Third_Party/OpenAMP/remoteproc_virtio.o (malloc)
D:/STM32CubeIDE_1.16.0/STM32CubeIDE/plugins/com.st.stm32cube.ide.mcu.externaltools.gnu-tools-for-stm32.12.3.rel1.win32_1.0.200.202406191623/tools/bin/../lib/gcc/arm-none-eabi/12.3.1/../../../../arm-none-eabi/lib/thumb/v7e-m+dp/hard\libc_nano.a(libc_a-mallocr.o)
                              D:/STM32CubeIDE_1.16.0/STM32CubeIDE/plugins/com.st.stm32cube.ide.mcu.externaltools.gnu-tools-for-stm32.12.3.rel1.win32_1.0.200.202406191623/tools/bin/../lib/gcc/arm-none-eabi/12.3.1/../../../../arm-none-eabi/lib/thumb/v7e-m+dp/hard\libc_nano.a(libc_a-malloc.o) (_malloc_r)
D:/STM32CubeIDE_1.16.0/STM32CubeIDE/plugins/com.st.stm32cube.ide.mcu.externaltools.gnu-tools-for-stm32.12.3.rel1.win32_1.0.200.202406191623/tools/bin/../lib/gcc/arm-none-eabi/12.3.1/../../../../arm-none-eabi/lib/thumb/v7e-m+dp/hard\libc_nano.a(libc_a-mlock.o)
                              D:/STM32CubeIDE_1.16.0/STM32CubeIDE/plugins/com.st.stm32cube.ide.mcu.externaltools.gnu-tools-for-stm32.12.3.rel1.win32_1.0.200.202406191623/tools/bin/../lib/gcc/arm-none-eabi/12.3.1/../../../../arm-none-eabi/lib/thumb/v7e-m+dp/hard\libc_nano.a(libc_a-mallocr.o) (__malloc_lock)
D:/STM32CubeIDE_1.16.0/STM32CubeIDE/plugins/com.st.stm32cube.ide.mcu.externaltools.gnu-tools-for-stm32.12.3.rel1.win32_1.0.200.202406191623/tools/bin/../lib/gcc/arm-none-eabi/12.3.1/../../../../arm-none-eabi/lib/thumb/v7e-m+dp/hard\libc_nano.a(libc_a-findfp.o)
                              D:/STM32CubeIDE_1.16.0/STM32CubeIDE/plugins/com.st.stm32cube.ide.mcu.externaltools.gnu-tools-for-stm32.12.3.rel1.win32_1.0.200.202406191623/tools/bin/../lib/gcc/arm-none-eabi/12.3.1/../../../../arm-none-eabi/lib/thumb/v7e-m+dp/hard\libc_nano.a(libc_a-exit.o) (__stdio_exit_handler)
D:/STM32CubeIDE_1.16.0/STM32CubeIDE/plugins/com.st.stm32cube.ide.mcu.externaltools.gnu-tools-for-stm32.12.3.rel1.win32_1.0.200.202406191623/tools/bin/../lib/gcc/arm-none-eabi/12.3.1/../../../../arm-none-eabi/lib/thumb/v7e-m+dp/hard\libc_nano.a(libc_a-fprintf.o)
                              D:/STM32CubeIDE_1.16.0/STM32CubeIDE/plugins/com.st.stm32cube.ide.mcu.externaltools.gnu-tools-for-stm32.12.3.rel1.win32_1.0.200.202406191623/tools/bin/../lib/gcc/arm-none-eabi/12.3.1/../../../../arm-none-eabi/lib/thumb/v7e-m+dp/hard\libc_nano.a(libc_a-assert.o) (fiprintf)
D:/STM32CubeIDE_1.16.0/STM32CubeIDE/plugins/com.st.stm32cube.ide.mcu.externaltools.gnu-tools-for-stm32.12.3.rel1.win32_1.0.200.202406191623/tools/bin/../lib/gcc/arm-none-eabi/12.3.1/../../../../arm-none-eabi/lib/thumb/v7e-m+dp/hard\libc_nano.a(libc_a-fwalk.o)
                              D:/STM32CubeIDE_1.16.0/STM32CubeIDE/plugins/com.st.stm32cube.ide.mcu.externaltools.gnu-tools-for-stm32.12.3.rel1.win32_1.0.200.202406191623/tools/bin/../lib/gcc/arm-none-eabi/12.3.1/../../../../arm-none-eabi/lib/thumb/v7e-m+dp/hard\libc_nano.a(libc_a-findfp.o) (_fwalk_sglue)
D:/STM32CubeIDE_1.16.0/STM32CubeIDE/plugins/com.st.stm32cube.ide.mcu.externaltools.gnu-tools-for-stm32.12.3.rel1.win32_1.0.200.202406191623/tools/bin/../lib/gcc/arm-none-eabi/12.3.1/../../../../arm-none-eabi/lib/thumb/v7e-m+dp/hard\libc_nano.a(libc_a-stdio.o)
                              D:/STM32CubeIDE_1.16.0/STM32CubeIDE/plugins/com.st.stm32cube.ide.mcu.externaltools.gnu-tools-for-stm32.12.3.rel1.win32_1.0.200.202406191623/tools/bin/../lib/gcc/arm-none-eabi/12.3.1/../../../../arm-none-eabi/lib/thumb/v7e-m+dp/hard\libc_nano.a(libc_a-findfp.o) (__sread)
D:/STM32CubeIDE_1.16.0/STM32CubeIDE/plugins/com.st.stm32cube.ide.mcu.externaltools.gnu-tools-for-stm32.12.3.rel1.win32_1.0.200.202406191623/tools/bin/../lib/gcc/arm-none-eabi/12.3.1/../../../../arm-none-eabi/lib/thumb/v7e-m+dp/hard\libc_nano.a(libc_a-memset.o)
[...]
Memory Configuration

Name             Origin             Length             Attributes
RAM_D1           0x24000000         0x00080000         xrw
FLASH            0x08000000         0x00100000         xr
DTCMRAM          0x20000000         0x00020000         xrw
RAM_D2           0x30000000         0x00048000         xrw
RAM_D3           0x38000000         0x00010000         xrw
ITCMRAM          0x00000000         0x00010000         xrw
OPENAMP_RSC_TAB  0x38000000         0x00000400         xrw
OPEN_AMP_SHMEM   0x38000400         0x0000fc00         xrw
*default*        0x00000000         0xffffffff

Linker script and memory map

LOAD D:/STM32CubeIDE_1.16.0/STM32CubeIDE/plugins/com.st.stm32cube.ide.mcu.externaltools.gnu-tools-for-stm32.12.3.rel1.win32_1.0.200.202406191623/tools/bin/../lib/gcc/arm-none-eabi/12.3.1/thumb/v7e-m+dp/hard/crti.o
LOAD D:/STM32CubeIDE_1.16.0/STM32CubeIDE/plugins/com.st.stm32cube.ide.mcu.externaltools.gnu-tools-for-stm32.12.3.rel1.win32_1.0.200.202406191623/tools/bin/../lib/gcc/arm-none-eabi/12.3.1/thumb/v7e-m+dp/hard/crtbegin.o
LOAD D:/STM32CubeIDE_1.16.0/STM32CubeIDE/plugins/com.st.stm32cube.ide.mcu.externaltools.gnu-tools-for-stm32.12.3.rel1.win32_1.0.200.202406191623/tools/bin/../lib/gcc/arm-none-eabi/12.3.1/../../../../arm-none-eabi/lib/thumb/v7e-m+dp/hard/crt0.o
LOAD ./Common/Src/system_stm32h7xx_dualcore_boot_cm4_cm7.o
LOAD ./Core/Src/freertos.o
LOAD ./Core/Src/main.o
LOAD ./Core/Src/stm32h7xx_hal_msp.o
LOAD ./Core/Src/stm32h7xx_hal_timebase_tim.o
LOAD ./Core/Src/stm32h7xx_it.o
LOAD ./Core/Src/syscalls.o
LOAD ./Core/Src/sysmem.o
LOAD ./Core/Startup/startup_stm32h755zitx.o
LOAD ./Drivers/STM32H7xx_HAL_Driver/stm32h7xx_hal.o
LOAD ./Drivers/STM32H7xx_HAL_Driver/stm32h7xx_hal_cortex.o
LOAD ./Drivers/STM32H7xx_HAL_Driver/stm32h7xx_hal_dma.o
LOAD ./Drivers/STM32H7xx_HAL_Driver/stm32h7xx_hal_dma_ex.o
LOAD ./Drivers/STM32H7xx_HAL_Driver/stm32h7xx_hal_exti.o
LOAD ./Drivers/STM32H7xx_HAL_Driver/stm32h7xx_hal_flash.o
LOAD ./Drivers/STM32H7xx_HAL_Driver/stm32h7xx_hal_flash_ex.o
LOAD ./Drivers/STM32H7xx_HAL_Driver/stm32h7xx_hal_gpio.o
LOAD ./Drivers/STM32H7xx_HAL_Driver/stm32h7xx_hal_hsem.o
LOAD ./Drivers/STM32H7xx_HAL_Driver/stm32h7xx_hal_i2c.o
LOAD ./Drivers/STM32H7xx_HAL_Driver/stm32h7xx_hal_i2c_ex.o
LOAD ./Drivers/STM32H7xx_HAL_Driver/stm32h7xx_hal_mdma.o
LOAD ./Drivers/STM32H7xx_HAL_Driver/stm32h7xx_hal_pwr.o
LOAD ./Drivers/STM32H7xx_HAL_Driver/stm32h7xx_hal_pwr_ex.o
LOAD ./Drivers/STM32H7xx_HAL_Driver/stm32h7xx_hal_rcc.o
LOAD ./Drivers/STM32H7xx_HAL_Driver/stm32h7xx_hal_rcc_ex.o
LOAD ./Drivers/STM32H7xx_HAL_Driver/stm32h7xx_hal_tim.o
LOAD ./Drivers/STM32H7xx_HAL_Driver/stm32h7xx_hal_tim_ex.o
LOAD ./Middlewares/Third_Party/FreeRTOS/cmsis_os.o
LOAD ./Middlewares/Third_Party/FreeRTOS/croutine.o
LOAD ./Middlewares/Third_Party/FreeRTOS/event_groups.o
LOAD ./Middlewares/Third_Party/FreeRTOS/heap_4.o
LOAD ./Middlewares/Third_Party/FreeRTOS/list.o
LOAD ./Middlewares/Third_Party/FreeRTOS/port.o
LOAD ./Middlewares/Third_Party/FreeRTOS/queue.o
LOAD ./Middlewares/Third_Party/FreeRTOS/stream_buffer.o
LOAD ./Middlewares/Third_Party/FreeRTOS/tasks.o
LOAD ./Middlewares/Third_Party/FreeRTOS/timers.o
LOAD ./Middlewares/Third_Party/OpenAMP/condition.o
LOAD ./Middlewares/Third_Party/OpenAMP/device.o
LOAD ./Middlewares/Third_Party/OpenAMP/generic_device.o
LOAD ./Middlewares/Third_Party/OpenAMP/generic_init.o
LOAD ./Middlewares/Third_Party/OpenAMP/generic_io.o
LOAD ./Middlewares/Third_Party/OpenAMP/generic_shmem.o
LOAD ./Middlewares/Third_Party/OpenAMP/init.o
LOAD ./Middlewares/Third_Party/OpenAMP/io.o
LOAD ./Middlewares/Third_Party/OpenAMP/log.o
LOAD ./Middlewares/Third_Party/OpenAMP/remoteproc_virtio.o
LOAD ./Middlewares/Third_Party/OpenAMP/rpmsg.o
LOAD ./Middlewares/Third_Party/OpenAMP/rpmsg_virtio.o
LOAD ./Middlewares/Third_Party/OpenAMP/shmem.o
LOAD ./Middlewares/Third_Party/OpenAMP/sys.o
LOAD ./Middlewares/Third_Party/OpenAMP/time.o
LOAD ./Middlewares/Third_Party/OpenAMP/virtio.o
LOAD ./Middlewares/Third_Party/OpenAMP/virtqueue.o
LOAD ./OPENAMP/mbox_hsem.o
LOAD ./OPENAMP/openamp.o
LOAD ./OPENAMP/rsc_table.o
START GROUP
LOAD D:/STM32CubeIDE_1.16.0/STM32CubeIDE/plugins/com.st.stm32cube.ide.mcu.externaltools.gnu-tools-for-stm32.12.3.rel1.win32_1.0.200.202406191623/tools/bin/../lib/gcc/arm-none-eabi/12.3.1/../../../../arm-none-eabi/lib/thumb/v7e-m+dp/hard\libc_nano.a
LOAD D:/STM32CubeIDE_1.16.0/STM32CubeIDE/plugins/com.st.stm32cube.ide.mcu.externaltools.gnu-tools-for-stm32.12.3.rel1.win32_1.0.200.202406191623/tools/bin/../lib/gcc/arm-none-eabi/12.3.1/../../../../arm-none-eabi/lib/thumb/v7e-m+dp/hard\libm.a
END GROUP
START GROUP
LOAD D:/STM32CubeIDE_1.16.0/STM32CubeIDE/plugins/com.st.stm32cube.ide.mcu.externaltools.gnu-tools-for-stm32.12.3.rel1.win32_1.0.200.202406191623/tools/bin/../lib/gcc/arm-none-eabi/12.3.1/thumb/v7e-m+dp/hard\libgcc.a
LOAD D:/STM32CubeIDE_1.16.0/STM32CubeIDE/plugins/com.st.stm32cube.ide.mcu.externaltools.gnu-tools-for-stm32.12.3.rel1.win32_1.0.200.202406191623/tools/bin/../lib/gcc/arm-none-eabi/12.3.1/../../../../arm-none-eabi/lib/thumb/v7e-m+dp/hard\libc_nano.a
END GROUP
START GROUP
LOAD D:/STM32CubeIDE_1.16.0/STM32CubeIDE/plugins/com.st.stm32cube.ide.mcu.externaltools.gnu-tools-for-stm32.12.3.rel1.win32_1.0.200.202406191623/tools/bin/../lib/gcc/arm-none-eabi/12.3.1/thumb/v7e-m+dp/hard\libgcc.a
LOAD D:/STM32CubeIDE_1.16.0/STM32CubeIDE/plugins/com.st.stm32cube.ide.mcu.externaltools.gnu-tools-for-stm32.12.3.rel1.win32_1.0.200.202406191623/tools/bin/../lib/gcc/arm-none-eabi/12.3.1/../../../../arm-none-eabi/lib/thumb/v7e-m+dp/hard\libc_nano.a
LOAD D:/STM32CubeIDE_1.16.0/STM32CubeIDE/plugins/com.st.stm32cube.ide.mcu.externaltools.gnu-tools-for-stm32.12.3.rel1.win32_1.0.200.202406191623/tools/bin/../lib/gcc/arm-none-eabi/12.3.1/../../../../arm-none-eabi/lib/thumb/v7e-m+dp/hard\libnosys.a
END GROUP
START GROUP
LOAD D:/STM32CubeIDE_1.16.0/STM32CubeIDE/plugins/com.st.stm32cube.ide.mcu.externaltools.gnu-tools-for-stm32.12.3.rel1.win32_1.0.200.202406191623/tools/bin/../lib/gcc/arm-none-eabi/12.3.1/thumb/v7e-m+dp/hard\libgcc.a
LOAD D:/STM32CubeIDE_1.16.0/STM32CubeIDE/plugins/com.st.stm32cube.ide.mcu.externaltools.gnu-tools-for-stm32.12.3.rel1.win32_1.0.200.202406191623/tools/bin/../lib/gcc/arm-none-eabi/12.3.1/../../../../arm-none-eabi/lib/thumb/v7e-m+dp/hard\libc_nano.a
LOAD D:/STM32CubeIDE_1.16.0/STM32CubeIDE/plugins/com.st.stm32cube.ide.mcu.externaltools.gnu-tools-for-stm32.12.3.rel1.win32_1.0.200.202406191623/tools/bin/../lib/gcc/arm-none-eabi/12.3.1/../../../../arm-none-eabi/lib/thumb/v7e-m+dp/hard\libnosys.a
END GROUP
LOAD D:/STM32CubeIDE_1.16.0/STM32CubeIDE/plugins/com.st.stm32cube.ide.mcu.externaltools.gnu-tools-for-stm32.12.3.rel1.win32_1.0.200.202406191623/tools/bin/../lib/gcc/arm-none-eabi/12.3.1/thumb/v7e-m+dp/hard/crtend.o
LOAD D:/STM32CubeIDE_1.16.0/STM32CubeIDE/plugins/com.st.stm32cube.ide.mcu.externaltools.gnu-tools-for-stm32.12.3.rel1.win32_1.0.200.202406191623/tools/bin/../lib/gcc/arm-none-eabi/12.3.1/thumb/v7e-m+dp/hard/crtn.o
                0x24080000                        _estack = (ORIGIN (RAM_D1) + LENGTH (RAM_D1))
                0x00000200                        _Min_Heap_Size = 0x200
                0x00000400                        _Min_Stack_Size = 0x400
                0x38000400                        __OPENAMP_region_start__ = ORIGIN (OPEN_AMP_SHMEM)
                0x38010000                        __OPENAMP_region_end__ = (ORIGIN (OPEN_AMP_SHMEM) + LENGTH (OPEN_AMP_SHMEM))

.isr_vector     0x08000000      0x298
                0x08000000                        . = ALIGN (0x4)
 *(.isr_vector)
 .isr_vector    0x08000000      0x298 ./Core/Startup/startup_stm32h755zitx.o
                0x08000000                g_pfnVectors
                0x08000298                        . = ALIGN (0x4)

.text           0x080002a0     0x7e40
                0x080002a0                        . = ALIGN (0x4)
 *(.text)
 .text          0x080002a0       0x40 D:/STM32CubeIDE_1.16.0/STM32CubeIDE/plugins/com.st.stm32cube.ide.mcu.externaltools.gnu-tools-for-stm32.12.3.rel1.win32_1.0.200.202406191623/tools/bin/../lib/gcc/arm-none-eabi/12.3.1/thumb/v7e-m+dp/hard/crtbegin.o
 .text          0x080002e0       0x14 D:/STM32CubeIDE_1.16.0/STM32CubeIDE/plugins/com.st.stm32cube.ide.mcu.externaltools.gnu-tools-for-stm32.12.3.rel1.win32_1.0.200.202406191623/tools/bin/../lib/gcc/arm-none-eabi/12.3.1/../../../../arm-none-eabi/lib/thumb/v7e-m+dp/hard\libc_nano.a(libc_a-strcmp.o)
                0x080002e0                strcmp
 *fill*         0x080002f4        0xc 
 .text          0x08000300       0xa0 D:/STM32CubeIDE_1.16.0/STM32CubeIDE/plugins/com.st.stm32cube.ide.mcu.externaltools.gnu-tools-for-stm32.12.3.rel1.win32_1.0.200.202406191623/tools/bin/../lib/gcc/arm-none-eabi/12.3.1/../../../../arm-none-eabi/lib/thumb/v7e-m+dp/hard\libc_nano.a(libc_a-memchr.o)
                0x08000300                memchr
 *(.text*)
 .text.SystemInit
                0x080003a0      0x12c ./Common/Src/system_stm32h7xx_dualcore_boot_cm4_cm7.o
                0x080003a0                SystemInit
 .text.vApplicationGetIdleTaskMemory
                0x080004cc       0x34 ./Core/Src/freertos.o
                0x080004cc                vApplicationGetIdleTaskMemory
 .text.rpmsg_send
                0x08000500       0x40 ./Core/Src/main.o
 .text.rpmsg_init_ept
                0x08000540       0x3a ./Core/Src/main.o
 *fill*         0x0800057a        0x2 
 .text.main     0x0800057c      0x204 ./Core/Src/main.o
                0x0800057c                main
 .text.SystemClock_Config
                0x08000780       0xf4 ./Core/Src/main.o
                0x08000780                SystemClock_Config
 .text.MX_GPIO_Init
                0x08000874       0xf0 ./Core/Src/main.o
 .text.rpmsg_recv_callback
                0x08000964       0x34 ./Core/Src/main.o
 .text.service_destroy_cb
                0x08000998       0x20 ./Core/Src/main.o
                0x08000998                service_destroy_cb
 .text.new_service_cb
                0x080009b8       0x3c ./Core/Src/main.o
                0x080009b8                new_service_cb
 .text.GraytoNatural
                0x080009f4       0x30 ./Core/Src/main.o
                0x080009f4                GraytoNatural
 .text.dev_encoder_read
                0x08000a24       0x88 ./Core/Src/main.o
                0x08000a24                dev_encoder_read
 .text.hai_ssi_clk_clr
                0x08000aac       0xb0 ./Core/Src/main.o
                0x08000aac                hai_ssi_clk_clr
 .text.hai_ssi_clk_set
                0x08000b5c       0xb0 ./Core/Src/main.o
                0x08000b5c                hai_ssi_clk_set
 .text.hai_ssi_data_in
                0x08000c0c       0xcc ./Core/Src/main.o
                0x08000c0c                hai_ssi_data_in
 .text.hal_ssi_delay_us
                0x08000cd8       0x30 ./Core/Src/main.o
 .text.hal_ssi_readbit
                0x08000d08       0x78 ./Core/Src/main.o
                0x08000d08                hal_ssi_readbit
 .text.rxTaskFun
                0x08000d80       0x50 ./Core/Src/main.o
                0x08000d80                rxTaskFun
 .text.txTaskFun
                0x08000dd0       0x50 ./Core/Src/main.o
                0x08000dd0                txTaskFun
 .text.MPU_Config
                0x08000e20       0x5a ./Core/Src/main.o
 *fill*         0x08000e7a        0x2 
 .text.HAL_TIM_PeriodElapsedCallback
                0x08000e7c       0x24 ./Core/Src/main.o
                0x08000e7c                HAL_TIM_PeriodElapsedCallback
 .text.Error_Handler
                0x08000ea0        0xc ./Core/Src/main.o
                0x08000ea0                Error_Handler
 .text.HAL_MspInit
                0x08000eac       0x4c ./Core/Src/stm32h7xx_hal_msp.o
                0x08000eac                HAL_MspInit
 .text.HAL_InitTick
                0x08000ef8       0xd8 ./Core/Src/stm32h7xx_hal_timebase_tim.o
                0x08000ef8                HAL_InitTick
 .text.NMI_Handler
                0x08000fd0        0x8 ./Core/Src/stm32h7xx_it.o
                0x08000fd0                NMI_Handler
 .text.HardFault_Handler
                0x08000fd8        0x8 ./Core/Src/stm32h7xx_it.o
                0x08000fd8                HardFault_Handler
 .text.MemManage_Handler
                0x08000fe0        0x8 ./Core/Src/stm32h7xx_it.o
                0x08000fe0                MemManage_Handler
 .text.BusFault_Handler
                0x08000fe8        0x8 ./Core/Src/stm32h7xx_it.o
                0x08000fe8                BusFault_Handler
 .text.UsageFault_Handler
                0x08000ff0        0x8 ./Core/Src/stm32h7xx_it.o
                0x08000ff0                UsageFault_Handler
 .text.DebugMon_Handler
                0x08000ff8        0xe ./Core/Src/stm32h7xx_it.o
                0x08000ff8                DebugMon_Handler
 *fill*         0x08001006        0x2 
 .text.TIM6_DAC_IRQHandler
                0x08001008       0x14 ./Core/Src/stm32h7xx_it.o
                0x08001008                TIM6_DAC_IRQHandler
 .text.HSEM1_IRQHandler
                0x0800101c        0xc ./Core/Src/stm32h7xx_it.o
                0x0800101c                HSEM1_IRQHandler
 .text._getpid  0x08001028       0x10 ./Core/Src/syscalls.o
                0x08001028                _getpid
 .text._kill    0x08001038       0x20 ./Core/Src/syscalls.o
                0x08001038                _kill
 .text._exit    0x08001058       0x16 ./Core/Src/syscalls.o
                0x08001058                _exit
 .text._read    0x0800106e       0x3a ./Core/Src/syscalls.o
                0x0800106e                _read
 .text._write   0x080010a8       0x38 ./Core/Src/syscalls.o
                0x080010a8                _write
 .text._close   0x080010e0       0x18 ./Core/Src/syscalls.o
                0x080010e0                _close
 .text._fstat   0x080010f8       0x20 ./Core/Src/syscalls.o
                0x080010f8                _fstat
 .text._isatty  0x08001118       0x16 ./Core/Src/syscalls.o
                0x08001118                _isatty
 .text._lseek   0x0800112e       0x1a ./Core/Src/syscalls.o
                0x0800112e                _lseek
 .text._sbrk    0x08001148       0x6c ./Core/Src/sysmem.o
                0x08001148                _sbrk
 .text.Reset_Handler
                0x080011b4       0x50 ./Core/Startup/startup_stm32h755zitx.o
                0x080011b4                Reset_Handler
 .text.Default_Handler
                0x08001204        0x2 ./Core/Startup/startup_stm32h755zitx.o
                0x08001204                RTC_Alarm_IRQHandler
                0x08001204                HASH_RNG_IRQHandler
                0x08001204                EXTI2_IRQHandler
                0x08001204                TIM8_CC_IRQHandler
                0x08001204                HRTIM1_Master_IRQHandler
                0x08001204                UART8_IRQHandler
                0x08001204                SPI4_IRQHandler
                0x08001204                TIM1_CC_IRQHandler
                0x08001204                BDMA_Channel6_IRQHandler
                0x08001204                DMA2_Stream5_IRQHandler
                0x08001204                HRTIM1_FLT_IRQHandler
                0x08001204                JPEG_IRQHandler
                0x08001204                DMA1_Stream5_IRQHandler
                0x08001204                BDMA_Channel1_IRQHandler
                0x08001204                HRTIM1_TIMD_IRQHandler
                0x08001204                TAMP_STAMP_IRQHandler
                0x08001204                EXTI3_IRQHandler
                0x08001204                LPTIM4_IRQHandler
                0x08001204                TIM8_TRG_COM_TIM14_IRQHandler
                0x08001204                LPTIM2_IRQHandler
                0x08001204                DFSDM1_FLT1_IRQHandler
                0x08001204                DMAMUX2_OVR_IRQHandler
                0x08001204                TIM8_UP_TIM13_IRQHandler
                0x08001204                I2C3_ER_IRQHandler
                0x08001204                DFSDM1_FLT2_IRQHandler
                0x08001204                MDMA_IRQHandler
                0x08001204                LPTIM3_IRQHandler
                0x08001204                EXTI0_IRQHandler
                0x08001204                I2C2_EV_IRQHandler
                0x08001204                DMA1_Stream2_IRQHandler
                0x08001204                FPU_IRQHandler
                0x08001204                OTG_HS_WKUP_IRQHandler
                0x08001204                FDCAN1_IT1_IRQHandler
                0x08001204                LTDC_ER_IRQHandler
                0x08001204                DMA2_Stream2_IRQHandler
                0x08001204                HRTIM1_TIME_IRQHandler
                0x08001204                SPI1_IRQHandler
                0x08001204                DCMI_IRQHandler
                0x08001204                HRTIM1_TIMC_IRQHandler
                0x08001204                DMA2_Stream3_IRQHandler
                0x08001204                SAI2_IRQHandler
                0x08001204                DFSDM1_FLT3_IRQHandler
                0x08001204                USART6_IRQHandler
                0x08001204                TIM17_IRQHandler
                0x08001204                USART3_IRQHandler
                0x08001204                BDMA_Channel7_IRQHandler
                0x08001204                CRYP_IRQHandler
                0x08001204                LPTIM5_IRQHandler
                0x08001204                UART5_IRQHandler
                0x08001204                ADC3_IRQHandler
                0x08001204                DMA2_Stream0_IRQHandler
                0x08001204                TIM4_IRQHandler
                0x08001204                BDMA_Channel2_IRQHandler
                0x08001204                QUADSPI_IRQHandler
                0x08001204                I2C1_EV_IRQHandler
                0x08001204                DMA1_Stream6_IRQHandler
                0x08001204                DMAMUX1_OVR_IRQHandler
                0x08001204                DMA1_Stream1_IRQHandler
                0x08001204                TIM16_IRQHandler
                0x08001204                UART4_IRQHandler
                0x08001204                BDMA_Channel5_IRQHandler
                0x08001204                TIM3_IRQHandler
                0x08001204                RCC_IRQHandler
                0x08001204                TIM8_BRK_TIM12_IRQHandler
                0x08001204                TIM1_TRG_COM_IRQHandler
                0x08001204                Default_Handler
                0x08001204                ECC_IRQHandler
                0x08001204                CEC_IRQHandler
                0x08001204                EXTI15_10_IRQHandler
                0x08001204                BDMA_Channel0_IRQHandler
                0x08001204                ADC_IRQHandler
                0x08001204                DMA1_Stream7_IRQHandler
                0x08001204                HRTIM1_TIMA_IRQHandler
                0x08001204                SPI5_IRQHandler
                0x08001204                TIM7_IRQHandler
                0x08001204                SDMMC1_IRQHandler
                0x08001204                TIM5_IRQHandler
                0x08001204                DMA2_Stream7_IRQHandler
                0x08001204                TIM15_IRQHandler
                0x08001204                PVD_AVD_IRQHandler
                0x08001204                I2C3_EV_IRQHandler
                0x08001204                EXTI9_5_IRQHandler
                0x08001204                RTC_WKUP_IRQHandler
                0x08001204                LTDC_IRQHandler
                0x08001204                SAI3_IRQHandler
                0x08001204                ETH_WKUP_IRQHandler
                0x08001204                SPDIF_RX_IRQHandler
                0x08001204                SPI2_IRQHandler
                0x08001204                OTG_HS_EP1_IN_IRQHandler
                0x08001204                DMA1_Stream0_IRQHandler
                0x08001204                CRS_IRQHandler
                0x08001204                CM7_SEV_IRQHandler
                0x08001204                EXTI4_IRQHandler
                0x08001204                CM4_SEV_IRQHandler
                0x08001204                HRTIM1_TIMB_IRQHandler
                0x08001204                FDCAN2_IT1_IRQHandler
                0x08001204                ETH_IRQHandler
                0x08001204                TIM1_UP_IRQHandler
                0x08001204                WWDG_RST_IRQHandler
                0x08001204                BDMA_Channel4_IRQHandler
                0x08001204                OTG_HS_EP1_OUT_IRQHandler
                0x08001204                WWDG_IRQHandler
                0x08001204                SPI6_IRQHandler
                0x08001204                MDIOS_IRQHandler
                0x08001204                I2C4_EV_IRQHandler
                0x08001204                FDCAN2_IT0_IRQHandler
                0x08001204                LPUART1_IRQHandler
                0x08001204                FDCAN1_IT0_IRQHandler
                0x08001204                TIM2_IRQHandler
                0x08001204                OTG_FS_WKUP_IRQHandler
                0x08001204                OTG_HS_IRQHandler
                0x08001204                HSEM2_IRQHandler
                0x08001204                DMA2D_IRQHandler
                0x08001204                TIM1_BRK_IRQHandler
                0x08001204                EXTI1_IRQHandler
                0x08001204                SDMMC2_IRQHandler
                0x08001204                OTG_FS_EP1_OUT_IRQHandler
                0x08001204                BDMA_Channel3_IRQHandler
                0x08001204                HOLD_CORE_IRQHandler
                0x08001204                UART7_IRQHandler
                0x08001204                MDIOS_WKUP_IRQHandler
                0x08001204                USART2_IRQHandler
                0x08001204                DFSDM1_FLT0_IRQHandler
                0x08001204                SAI4_IRQHandler
                0x08001204                I2C2_ER_IRQHandler
                0x08001204                DMA2_Stream1_IRQHandler
                0x08001204                FLASH_IRQHandler
                0x08001204                DMA2_Stream4_IRQHandler
                0x08001204                USART1_IRQHandler
                0x08001204                OTG_FS_IRQHandler
                0x08001204                SPI3_IRQHandler
                0x08001204                WAKEUP_PIN_IRQHandler
                0x08001204                DMA1_Stream4_IRQHandler
                0x08001204                OTG_FS_EP1_IN_IRQHandler
                0x08001204                I2C1_ER_IRQHandler
                0x08001204                FMC_IRQHandler
                0x08001204                FDCAN_CAL_IRQHandler
                0x08001204                SWPMI1_IRQHandler
                0x08001204                COMP1_IRQHandler
                0x08001204                LPTIM1_IRQHandler
                0x08001204                I2C4_ER_IRQHandler
                0x08001204                DMA2_Stream6_IRQHandler
                0x08001204                SAI1_IRQHandler
                0x08001204                DMA1_Stream3_IRQHandler
 *fill*         0x08001206        0x2 
 .text.HAL_Init
                0x08001208       0x78 ./Drivers/STM32H7xx_HAL_Driver/stm32h7xx_hal.o
                0x08001208                HAL_Init
 .text.HAL_IncTick
                0x08001280       0x28 ./Drivers/STM32H7xx_HAL_Driver/stm32h7xx_hal.o
                0x08001280                HAL_IncTick
 .text.HAL_GetTick
                0x080012a8       0x18 ./Drivers/STM32H7xx_HAL_Driver/stm32h7xx_hal.o
                0x080012a8                HAL_GetTick
 .text.HAL_GetREVID
                0x080012c0       0x18 ./Drivers/STM32H7xx_HAL_Driver/stm32h7xx_hal.o
                0x080012c0                HAL_GetREVID
 .text.__NVIC_SetPriorityGrouping
                0x080012d8       0x48 ./Drivers/STM32H7xx_HAL_Driver/stm32h7xx_hal_cortex.o
 .text.__NVIC_GetPriorityGrouping
                0x08001320       0x1c ./Drivers/STM32H7xx_HAL_Driver/stm32h7xx_hal_cortex.o
 .text.__NVIC_EnableIRQ
                0x0800133c       0x3c ./Drivers/STM32H7xx_HAL_Driver/stm32h7xx_hal_cortex.o
 .text.__NVIC_SetPriority
                0x08001378       0x54 ./Drivers/STM32H7xx_HAL_Driver/stm32h7xx_hal_cortex.o
 .text.NVIC_EncodePriority
                0x080013cc       0x66 ./Drivers/STM32H7xx_HAL_Driver/stm32h7xx_hal_cortex.o
 .text.HAL_NVIC_SetPriorityGrouping
                0x08001432       0x16 ./Drivers/STM32H7xx_HAL_Driver/stm32h7xx_hal_cortex.o
                0x08001432                HAL_NVIC_SetPriorityGrouping
 .text.HAL_NVIC_SetPriority
                0x08001448       0x34 ./Drivers/STM32H7xx_HAL_Driver/stm32h7xx_hal_cortex.o
                0x08001448                HAL_NVIC_SetPriority
 .text.HAL_NVIC_EnableIRQ
                0x0800147c       0x1c ./Drivers/STM32H7xx_HAL_Driver/stm32h7xx_hal_cortex.o
                0x0800147c                HAL_NVIC_EnableIRQ
 .text.HAL_MPU_Disable
                0x08001498       0x30 ./Drivers/STM32H7xx_HAL_Driver/stm32h7xx_hal_cortex.o
                0x08001498                HAL_MPU_Disable
 .text.HAL_MPU_Enable
                0x080014c8       0x40 ./Drivers/STM32H7xx_HAL_Driver/stm32h7xx_hal_cortex.o
                0x080014c8                HAL_MPU_Enable
 .text.HAL_MPU_ConfigRegion
                0x08001508       0x80 ./Drivers/STM32H7xx_HAL_Driver/stm32h7xx_hal_cortex.o
                0x08001508                HAL_MPU_ConfigRegion
 .text.HAL_GPIO_Init
                0x08001588      0x360 ./Drivers/STM32H7xx_HAL_Driver/stm32h7xx_hal_gpio.o
                0x08001588                HAL_GPIO_Init
 .text.HAL_GPIO_ReadPin
                0x080018e8       0x30 ./Drivers/STM32H7xx_HAL_Driver/stm32h7xx_hal_gpio.o
                0x080018e8                HAL_GPIO_ReadPin
 .text.HAL_GPIO_WritePin
                0x08001918       0x32 ./Drivers/STM32H7xx_HAL_Driver/stm32h7xx_hal_gpio.o
                0x08001918                HAL_GPIO_WritePin
 *fill*         0x0800194a        0x2 
 .text.HAL_HSEM_FastTake
                0x0800194c       0x34 ./Drivers/STM32H7xx_HAL_Driver/stm32h7xx_hal_hsem.o
                0x0800194c                HAL_HSEM_FastTake
 .text.HAL_HSEM_Release
                0x08001980       0x28 ./Drivers/STM32H7xx_HAL_Driver/stm32h7xx_hal_hsem.o
                0x08001980                HAL_HSEM_Release
 .text.HAL_HSEM_ActivateNotification
                0x080019a8       0x24 ./Drivers/STM32H7xx_HAL_Driver/stm32h7xx_hal_hsem.o
                0x080019a8                HAL_HSEM_ActivateNotification
 .text.HAL_HSEM_IRQHandler
                0x080019cc       0x34 ./Drivers/STM32H7xx_HAL_Driver/stm32h7xx_hal_hsem.o
                0x080019cc                HAL_HSEM_IRQHandler
 .text.HAL_PWREx_ConfigSupply
                0x08001a00       0xb4 ./Drivers/STM32H7xx_HAL_Driver/stm32h7xx_hal_pwr_ex.o
                0x08001a00                HAL_PWREx_ConfigSupply
 .text.HAL_RCC_OscConfig
                0x08001ab4      0x8b4 ./Drivers/STM32H7xx_HAL_Driver/stm32h7xx_hal_rcc.o
                0x08001ab4                HAL_RCC_OscConfig
 .text.HAL_RCC_ClockConfig
                0x08002368      0x36c ./Drivers/STM32H7xx_HAL_Driver/stm32h7xx_hal_rcc.o
                0x08002368                HAL_RCC_ClockConfig
 .text.HAL_RCC_GetSysClockFreq
                0x080026d4      0x2f4 ./Drivers/STM32H7xx_HAL_Driver/stm32h7xx_hal_rcc.o
                0x080026d4                HAL_RCC_GetSysClockFreq
 .text.HAL_RCC_GetHCLKFreq
                0x080029c8       0x60 ./Drivers/STM32H7xx_HAL_Driver/stm32h7xx_hal_rcc.o
                0x080029c8                HAL_RCC_GetHCLKFreq
 .text.HAL_RCC_GetPCLK1Freq
                0x08002a28       0x2c ./Drivers/STM32H7xx_HAL_Driver/stm32h7xx_hal_rcc.o
                0x08002a28                HAL_RCC_GetPCLK1Freq
 .text.HAL_RCC_GetClockConfig
                0x08002a54       0x84 ./Drivers/STM32H7xx_HAL_Driver/stm32h7xx_hal_rcc.o
                0x08002a54                HAL_RCC_GetClockConfig
 .text.HAL_TIM_Base_Init
                0x08002ad8       0xae ./Drivers/STM32H7xx_HAL_Driver/stm32h7xx_hal_tim.o
                0x08002ad8                HAL_TIM_Base_Init
 .text.HAL_TIM_Base_MspInit
                0x08002b86       0x14 ./Drivers/STM32H7xx_HAL_Driver/stm32h7xx_hal_tim.o
                0x08002b86                HAL_TIM_Base_MspInit
 *fill*         0x08002b9a        0x2 
 .text.HAL_TIM_Base_Start_IT
                0x08002b9c       0xf0 ./Drivers/STM32H7xx_HAL_Driver/stm32h7xx_hal_tim.o
                0x08002b9c                HAL_TIM_Base_Start_IT
 .text.HAL_TIM_IRQHandler
                0x08002c8c      0x20e ./Drivers/STM32H7xx_HAL_Driver/stm32h7xx_hal_tim.o
                0x08002c8c                HAL_TIM_IRQHandler
 .text.HAL_TIM_OC_DelayElapsedCallback
                0x08002e9a       0x14 ./Drivers/STM32H7xx_HAL_Driver/stm32h7xx_hal_tim.o
                0x08002e9a                HAL_TIM_OC_DelayElapsedCallback
 .text.HAL_TIM_IC_CaptureCallback
                0x08002eae       0x14 ./Drivers/STM32H7xx_HAL_Driver/stm32h7xx_hal_tim.o
                0x08002eae                HAL_TIM_IC_CaptureCallback
 .text.HAL_TIM_PWM_PulseFinishedCallback
                0x08002ec2       0x14 ./Drivers/STM32H7xx_HAL_Driver/stm32h7xx_hal_tim.o
                0x08002ec2                HAL_TIM_PWM_PulseFinishedCallback
 .text.HAL_TIM_TriggerCallback
                0x08002ed6       0x14 ./Drivers/STM32H7xx_HAL_Driver/stm32h7xx_hal_tim.o
                0x08002ed6                HAL_TIM_TriggerCallback
 *fill*         0x08002eea        0x2 
 .text.TIM_Base_SetConfig
                0x08002eec      0x14c ./Drivers/STM32H7xx_HAL_Driver/stm32h7xx_hal_tim.o
                0x08002eec                TIM_Base_SetConfig
 .text.HAL_TIMEx_CommutCallback
                0x08003038       0x14 ./Drivers/STM32H7xx_HAL_Driver/stm32h7xx_hal_tim_ex.o
                0x08003038                HAL_TIMEx_CommutCallback
 .text.HAL_TIMEx_BreakCallback
                0x0800304c       0x14 ./Drivers/STM32H7xx_HAL_Driver/stm32h7xx_hal_tim_ex.o
                0x0800304c                HAL_TIMEx_BreakCallback
 .text.HAL_TIMEx_Break2Callback
                0x08003060       0x14 ./Drivers/STM32H7xx_HAL_Driver/stm32h7xx_hal_tim_ex.o
                0x08003060                HAL_TIMEx_Break2Callback
 .text.makeFreeRtosPriority
                0x08003074       0x30 ./Middlewares/Third_Party/FreeRTOS/cmsis_os.o
 .text.osKernelStart
                0x080030a4        0xe ./Middlewares/Third_Party/FreeRTOS/cmsis_os.o
                0x080030a4                osKernelStart
 .text.osThreadCreate
                0x080030b2       0x98 ./Middlewares/Third_Party/FreeRTOS/cmsis_os.o
                0x080030b2                osThreadCreate
 .text.osDelay  0x0800314a       0x28 ./Middlewares/Third_Party/FreeRTOS/cmsis_os.o
                0x0800314a                osDelay
 *fill*         0x08003172        0x2 
 .text.pvPortMalloc
                0x08003174      0x19c ./Middlewares/Third_Party/FreeRTOS/heap_4.o
                0x08003174                pvPortMalloc
 .text.vPortFree
                0x08003310       0xc8 ./Middlewares/Third_Party/FreeRTOS/heap_4.o
                0x08003310                vPortFree
 .text.prvHeapInit
                0x080033d8       0xc4 ./Middlewares/Third_Party/FreeRTOS/heap_4.o
 .text.prvInsertBlockIntoFreeList
                0x0800349c       0xb4 ./Middlewares/Third_Party/FreeRTOS/heap_4.o
 .text.vListInitialise
                0x08003550       0x40 ./Middlewares/Third_Party/FreeRTOS/list.o
                0x08003550                vListInitialise
 .text.vListInitialiseItem
                0x08003590       0x1a ./Middlewares/Third_Party/FreeRTOS/list.o
                0x08003590                vListInitialiseItem
 .text.vListInsertEnd
                0x080035aa       0x48 ./Middlewares/Third_Party/FreeRTOS/list.o
                0x080035aa                vListInsertEnd
 .text.vListInsert
                0x080035f2       0x72 ./Middlewares/Third_Party/FreeRTOS/list.o
                0x080035f2                vListInsert
 .text.uxListRemove
                0x08003664       0x54 ./Middlewares/Third_Party/FreeRTOS/list.o
                0x08003664                uxListRemove
 .text.pxPortInitialiseStack
                0x080036b8       0x68 ./Middlewares/Third_Party/FreeRTOS/port.o
                0x080036b8                pxPortInitialiseStack
 .text.prvTaskExitError
                0x08003720       0x5c ./Middlewares/Third_Party/FreeRTOS/port.o
 *fill*         0x0800377c        0x4 
 .text.SVC_Handler
                0x08003780       0x28 ./Middlewares/Third_Party/FreeRTOS/port.o
                0x08003780                SVC_Handler
 .text.prvPortStartFirstTask
                0x080037a8       0x28 ./Middlewares/Third_Party/FreeRTOS/port.o
 .text.xPortStartScheduler
                0x080037d0      0x148 ./Middlewares/Third_Party/FreeRTOS/port.o
                0x080037d0                xPortStartScheduler
 .text.vPortEnterCritical
                0x08003918       0x64 ./Middlewares/Third_Party/FreeRTOS/port.o
                0x08003918                vPortEnterCritical
 .text.vPortExitCritical
                0x0800397c       0x54 ./Middlewares/Third_Party/FreeRTOS/port.o
                0x0800397c                vPortExitCritical
 .text.PendSV_Handler
                0x080039d0       0x68 ./Middlewares/Third_Party/FreeRTOS/port.o
                0x080039d0                PendSV_Handler
 .text.SysTick_Handler
                0x08003a38       0x44 ./Middlewares/Third_Party/FreeRTOS/port.o
                0x08003a38                SysTick_Handler
 .text.vPortSetupTimerInterrupt
                0x08003a7c       0x48 ./Middlewares/Third_Party/FreeRTOS/port.o
                0x08003a7c                vPortSetupTimerInterrupt
 .text.vPortEnableVFP
                0x08003ac4       0x14 ./Middlewares/Third_Party/FreeRTOS/port.o
 .text.xTaskCreateStatic
                0x08003ad8       0xc0 ./Middlewares/Third_Party/FreeRTOS/tasks.o
                0x08003ad8                xTaskCreateStatic
 .text.xTaskCreate
                0x08003b98       0x8a ./Middlewares/Third_Party/FreeRTOS/tasks.o
                0x08003b98                xTaskCreate
 .text.prvInitialiseNewTask
                0x08003c22      0x110 ./Middlewares/Third_Party/FreeRTOS/tasks.o
 *fill*         0x08003d32        0x2 
 .text.prvAddNewTaskToReadyList
                0x08003d34       0xd4 ./Middlewares/Third_Party/FreeRTOS/tasks.o
 .text.vTaskDelay
                0x08003e08       0x6c ./Middlewares/Third_Party/FreeRTOS/tasks.o
                0x08003e08                vTaskDelay
 .text.vTaskStartScheduler
                0x08003e74       0xc4 ./Middlewares/Third_Party/FreeRTOS/tasks.o
                0x08003e74                vTaskStartScheduler
 .text.vTaskSuspendAll
                0x08003f38       0x1c ./Middlewares/Third_Party/FreeRTOS/tasks.o
                0x08003f38                vTaskSuspendAll
 .text.xTaskResumeAll
                0x08003f54      0x13c ./Middlewares/Third_Party/FreeRTOS/tasks.o
                0x08003f54                xTaskResumeAll
 .text.xTaskIncrementTick
                0x08004090      0x174 ./Middlewares/Third_Party/FreeRTOS/tasks.o
                0x08004090                xTaskIncrementTick
 .text.vTaskSwitchContext
                0x08004204       0xb8 ./Middlewares/Third_Party/FreeRTOS/tasks.o
                0x08004204                vTaskSwitchContext
 .text.prvIdleTask
                0x080042bc       0x30 ./Middlewares/Third_Party/FreeRTOS/tasks.o
 .text.prvInitialiseTaskLists
                0x080042ec       0x80 ./Middlewares/Third_Party/FreeRTOS/tasks.o
 .text.prvCheckTasksWaitingTermination
                0x0800436c       0x5c ./Middlewares/Third_Party/FreeRTOS/tasks.o
 .text.prvDeleteTCB
                0x080043c8       0x60 ./Middlewares/Third_Party/FreeRTOS/tasks.o
 .text.prvResetNextTaskUnblockTime
                0x08004428       0x40 ./Middlewares/Third_Party/FreeRTOS/tasks.o
 .text.prvAddCurrentTaskToDelayedList
                0x08004468       0xcc ./Middlewares/Third_Party/FreeRTOS/tasks.o
 .text.metal_list_init
                0x08004534       0x22 ./Middlewares/Third_Party/OpenAMP/device.o
 .text.metal_list_add_before
                0x08004556       0x34 ./Middlewares/Third_Party/OpenAMP/device.o
 .text.metal_list_add_tail
                0x0800458a       0x1a ./Middlewares/Third_Party/OpenAMP/device.o
 .text.__metal_cache_flush
                0x080045a4       0x1a ./Middlewares/Third_Party/OpenAMP/device.o
 .text.__metal_cache_invalidate
                0x080045be       0x1a ./Middlewares/Third_Party/OpenAMP/device.o
 .text.metal_cache_flush
                0x080045d8       0x1a ./Middlewares/Third_Party/OpenAMP/device.o
 .text.metal_cache_invalidate
                0x080045f2       0x1a ./Middlewares/Third_Party/OpenAMP/device.o
 .text.metal_bus_register
                0x0800460c       0x88 ./Middlewares/Third_Party/OpenAMP/device.o
                0x0800460c                metal_bus_register
 .text.metal_bus_find
                0x08004694       0x60 ./Middlewares/Third_Party/OpenAMP/device.o
                0x08004694                metal_bus_find
 .text.metal_device_open
                0x080046f4       0x7c ./Middlewares/Third_Party/OpenAMP/device.o
                0x080046f4                metal_device_open
 .text.metal_register_generic_device
                0x08004770       0x4c ./Middlewares/Third_Party/OpenAMP/device.o
                0x08004770                metal_register_generic_device
 .text.metal_generic_dev_open
                0x080047bc       0x60 ./Middlewares/Third_Party/OpenAMP/device.o
                0x080047bc                metal_generic_dev_open
 .text.metal_generic_dev_dma_map
                0x0800481c       0xa2 ./Middlewares/Third_Party/OpenAMP/device.o
                0x0800481c                metal_generic_dev_dma_map
 .text.metal_generic_dev_dma_unmap
                0x080048be       0x56 ./Middlewares/Third_Party/OpenAMP/device.o
                0x080048be                metal_generic_dev_dma_unmap
 .text.metal_generic_dev_sys_open
                0x08004914       0x4e ./Middlewares/Third_Party/OpenAMP/generic_device.o
                0x08004914                metal_generic_dev_sys_open
 *fill*         0x08004962        0x2 
 .text.metal_sys_init
                0x08004964       0x1c ./Middlewares/Third_Party/OpenAMP/generic_init.o
                0x08004964                metal_sys_init
 .text.metal_sys_io_mem_map
                0x08004980       0x7c ./Middlewares/Third_Party/OpenAMP/generic_io.o
                0x08004980                metal_sys_io_mem_map
 .text.metal_list_init
                0x080049fc       0x22 ./Middlewares/Third_Party/OpenAMP/init.o
 *fill*         0x08004a1e        0x2 
 .text.metal_init
                0x08004a20       0x64 ./Middlewares/Third_Party/OpenAMP/init.o
                0x08004a20                metal_init
 .text.metal_io_virt
                0x08004a84       0x36 ./Middlewares/Third_Party/OpenAMP/io.o
 .text.metal_io_init
                0x08004aba       0x9e ./Middlewares/Third_Party/OpenAMP/io.o
                0x08004aba                metal_io_init
 .text.metal_io_block_read
                0x08004b58       0xee ./Middlewares/Third_Party/OpenAMP/io.o
                0x08004b58                metal_io_block_read
 .text.metal_io_block_write
                0x08004c46       0xec ./Middlewares/Third_Party/OpenAMP/io.o
                0x08004c46                metal_io_block_write
 .text.metal_io_block_set
                0x08004d32       0xf2 ./Middlewares/Third_Party/OpenAMP/io.o
                0x08004d32                metal_io_block_set
 .text.metal_default_log_handler
                0x08004e24       0x1a ./Middlewares/Third_Party/OpenAMP/log.o
                0x08004e24                metal_default_log_handler
 .text.metal_io_virt
                0x08004e3e       0x36 ./Middlewares/Third_Party/OpenAMP/remoteproc_virtio.o
 .text.metal_io_virt_to_offset
                0x08004e74       0x32 ./Middlewares/Third_Party/OpenAMP/remoteproc_virtio.o
 *fill*         0x08004ea6        0x2 
 .text.metal_io_read
                0x08004ea8      0x104 ./Middlewares/Third_Party/OpenAMP/remoteproc_virtio.o
 .text.metal_io_write
                0x08004fac       0xec ./Middlewares/Third_Party/OpenAMP/remoteproc_virtio.o
 .text.metal_allocate_memory
                0x08005098       0x18 ./Middlewares/Third_Party/OpenAMP/remoteproc_virtio.o
 .text.metal_free_memory
                0x080050b0       0x16 ./Middlewares/Third_Party/OpenAMP/remoteproc_virtio.o
 .text.virtqueue_allocate
                0x080050c6       0x32 ./Middlewares/Third_Party/OpenAMP/remoteproc_virtio.o
 .text.rproc_virtio_virtqueue_notify
                0x080050f8       0x68 ./Middlewares/Third_Party/OpenAMP/remoteproc_virtio.o
 .text.rproc_virtio_get_status
                0x08005160       0x44 ./Middlewares/Third_Party/OpenAMP/remoteproc_virtio.o
 .text.rproc_virtio_set_status
                0x080051a4       0x5e ./Middlewares/Third_Party/OpenAMP/remoteproc_virtio.o
 .text.rproc_virtio_get_features
                0x08005202       0x44 ./Middlewares/Third_Party/OpenAMP/remoteproc_virtio.o
 .text.rproc_virtio_set_features
                0x08005246       0x5c ./Middlewares/Third_Party/OpenAMP/remoteproc_virtio.o
 .text.rproc_virtio_negotiate_features
                0x080052a2       0x18 ./Middlewares/Third_Party/OpenAMP/remoteproc_virtio.o
 .text.rproc_virtio_read_config
                0x080052ba       0x1a ./Middlewares/Third_Party/OpenAMP/remoteproc_virtio.o
 .text.rproc_virtio_write_config
                0x080052d4       0x1a ./Middlewares/Third_Party/OpenAMP/remoteproc_virtio.o
 .text.rproc_virtio_reset_device
                0x080052ee       0x20 ./Middlewares/Third_Party/OpenAMP/remoteproc_virtio.o
 *fill*         0x0800530e        0x2 
 .text.rproc_virtio_create_vdev
                0x08005310      0x15c ./Middlewares/Third_Party/OpenAMP/remoteproc_virtio.o
                0x08005310                rproc_virtio_create_vdev
 .text.rproc_virtio_init_vring
                0x0800546c       0x62 ./Middlewares/Third_Party/OpenAMP/remoteproc_virtio.o
                0x0800546c                rproc_virtio_init_vring
 .text.rproc_virtio_notified
                0x080054ce       0x78 ./Middlewares/Third_Party/OpenAMP/remoteproc_virtio.o
                0x080054ce                rproc_virtio_notified
 .text.rproc_virtio_wait_remote_ready
                0x08005546       0x32 ./Middlewares/Third_Party/OpenAMP/remoteproc_virtio.o
                0x08005546                rproc_virtio_wait_remote_ready
 .text.__metal_mutex_acquire
                0x08005578       0x38 ./Middlewares/Third_Party/OpenAMP/rpmsg.o
 .text.__metal_mutex_release
                0x080055b0       0x22 ./Middlewares/Third_Party/OpenAMP/rpmsg.o
 .text.metal_mutex_acquire
                0x080055d2       0x16 ./Middlewares/Third_Party/OpenAMP/rpmsg.o
 .text.metal_mutex_release
                0x080055e8       0x16 ./Middlewares/Third_Party/OpenAMP/rpmsg.o
 .text.metal_list_add_before
                0x080055fe       0x34 ./Middlewares/Third_Party/OpenAMP/rpmsg.o
 .text.metal_list_add_tail
                0x08005632       0x1a ./Middlewares/Third_Party/OpenAMP/rpmsg.o
 .text.metal_list_del
                0x0800564c       0x36 ./Middlewares/Third_Party/OpenAMP/rpmsg.o
 .text.metal_bitmap_set_bit
                0x08005682       0x38 ./Middlewares/Third_Party/OpenAMP/rpmsg.o
 .text.metal_bitmap_is_bit_set
                0x080056ba       0x30 ./Middlewares/Third_Party/OpenAMP/rpmsg.o
 .text.metal_bitmap_clear_bit
                0x080056ea       0x3a ./Middlewares/Third_Party/OpenAMP/rpmsg.o
 .text.metal_bitmap_is_bit_clear
                0x08005724       0x26 ./Middlewares/Third_Party/OpenAMP/rpmsg.o
 .text.metal_bitmap_next_clear_bit
                0x0800574a       0x3a ./Middlewares/Third_Party/OpenAMP/rpmsg.o
 .text.rpmsg_init_ept
                0x08005784       0x3a ./Middlewares/Third_Party/OpenAMP/rpmsg.o
 .text.rpmsg_get_address
                0x080057be       0x3e ./Middlewares/Third_Party/OpenAMP/rpmsg.o
 .text.rpmsg_release_address
                0x080057fc       0x24 ./Middlewares/Third_Party/OpenAMP/rpmsg.o
 .text.rpmsg_is_address_set
                0x08005820       0x30 ./Middlewares/Third_Party/OpenAMP/rpmsg.o
 .text.rpmsg_set_address
                0x08005850       0x30 ./Middlewares/Third_Party/OpenAMP/rpmsg.o
 .text.rpmsg_send_offchannel_raw
                0x08005880       0x64 ./Middlewares/Third_Party/OpenAMP/rpmsg.o
                0x08005880                rpmsg_send_offchannel_raw
 .text.rpmsg_send_ns_message
                0x080058e4       0x50 ./Middlewares/Third_Party/OpenAMP/rpmsg.o
                0x080058e4                rpmsg_send_ns_message
 .text.rpmsg_get_endpoint
                0x08005934       0xc0 ./Middlewares/Third_Party/OpenAMP/rpmsg.o
                0x08005934                rpmsg_get_endpoint
 .text.rpmsg_unregister_endpoint
                0x080059f4       0x44 ./Middlewares/Third_Party/OpenAMP/rpmsg.o
 .text.rpmsg_register_endpoint
                0x08005a38       0x28 ./Middlewares/Third_Party/OpenAMP/rpmsg.o
                0x08005a38                rpmsg_register_endpoint
 .text.rpmsg_create_ept
                0x08005a60       0xfc ./Middlewares/Third_Party/OpenAMP/rpmsg.o
                0x08005a60                rpmsg_create_ept
 .text.__metal_cache_invalidate
                0x08005b5c       0x1a ./Middlewares/Third_Party/OpenAMP/rpmsg_virtio.o
 .text.metal_cache_invalidate
                0x08005b76       0x1a ./Middlewares/Third_Party/OpenAMP/rpmsg_virtio.o
 .text.__metal_sleep_usec
                0x08005b90       0x16 ./Middlewares/Third_Party/OpenAMP/rpmsg_virtio.o
 .text.metal_sleep_usec
                0x08005ba6       0x18 ./Middlewares/Third_Party/OpenAMP/rpmsg_virtio.o
 .text.metal_list_init
                0x08005bbe       0x22 ./Middlewares/Third_Party/OpenAMP/rpmsg_virtio.o
 .text.metal_io_virt_to_offset
                0x08005be0       0x32 ./Middlewares/Third_Party/OpenAMP/rpmsg_virtio.o
 .text.__metal_mutex_init
                0x08005c12       0x2c ./Middlewares/Third_Party/OpenAMP/rpmsg_virtio.o
 .text.__metal_mutex_acquire
                0x08005c3e       0x38 ./Middlewares/Third_Party/OpenAMP/rpmsg_virtio.o
 .text.__metal_mutex_release
                0x08005c76       0x22 ./Middlewares/Third_Party/OpenAMP/rpmsg_virtio.o
 .text.metal_mutex_init
                0x08005c98       0x16 ./Middlewares/Third_Party/OpenAMP/rpmsg_virtio.o
 .text.metal_mutex_acquire
                0x08005cae       0x16 ./Middlewares/Third_Party/OpenAMP/rpmsg_virtio.o
 .text.metal_mutex_release
                0x08005cc4       0x16 ./Middlewares/Third_Party/OpenAMP/rpmsg_virtio.o
 .text.rpmsg_init_ept
                0x08005cda       0x3a ./Middlewares/Third_Party/OpenAMP/rpmsg_virtio.o
 .text.rpmsg_virtio_get_role
                0x08005d14       0x1a ./Middlewares/Third_Party/OpenAMP/rpmsg_virtio.o
 .text.rpmsg_virtio_set_status
                0x08005d2e       0x26 ./Middlewares/Third_Party/OpenAMP/rpmsg_virtio.o
 .text.rpmsg_virtio_get_status
                0x08005d54       0x22 ./Middlewares/Third_Party/OpenAMP/rpmsg_virtio.o
 .text.rpmsg_virtio_get_features
                0x08005d76       0x22 ./Middlewares/Third_Party/OpenAMP/rpmsg_virtio.o
 .text.rpmsg_virtio_create_virtqueues
                0x08005d98       0x2a ./Middlewares/Third_Party/OpenAMP/rpmsg_virtio.o
 .text.rpmsg_get_ept_from_addr
                0x08005dc2       0x22 ./Middlewares/Third_Party/OpenAMP/rpmsg_virtio.o
 .text.rpmsg_virtio_shm_pool_get_buffer
                0x08005de4       0x44 ./Middlewares/Third_Party/OpenAMP/rpmsg_virtio.o
                0x08005de4                rpmsg_virtio_shm_pool_get_buffer
 .text.rpmsg_virtio_init_shm_pool
                0x08005e28       0x5a ./Middlewares/Third_Party/OpenAMP/rpmsg_virtio.o
                0x08005e28                rpmsg_virtio_init_shm_pool
 .text.rpmsg_virtio_return_buffer
                0x08005e82       0x40 ./Middlewares/Third_Party/OpenAMP/rpmsg_virtio.o
 .text.rpmsg_virtio_enqueue_buffer
                0x08005ec2       0x46 ./Middlewares/Third_Party/OpenAMP/rpmsg_virtio.o
 .text.rpmsg_virtio_get_tx_buffer
                0x08005f08       0x56 ./Middlewares/Third_Party/OpenAMP/rpmsg_virtio.o
 .text.rpmsg_virtio_get_rx_buffer
                0x08005f5e       0x4a ./Middlewares/Third_Party/OpenAMP/rpmsg_virtio.o
 .text._rpmsg_virtio_get_buffer_size
                0x08005fa8       0x2a ./Middlewares/Third_Party/OpenAMP/rpmsg_virtio.o
 *fill*         0x08005fd2        0x2 
 .text.rpmsg_virtio_send_offchannel_raw
                0x08005fd4      0x154 ./Middlewares/Third_Party/OpenAMP/rpmsg_virtio.o
 .text.rpmsg_virtio_tx_callback
                0x08006128       0x14 ./Middlewares/Third_Party/OpenAMP/rpmsg_virtio.o
 .text.rpmsg_virtio_rx_callback
                0x0800613c       0xec ./Middlewares/Third_Party/OpenAMP/rpmsg_virtio.o
 .text.rpmsg_virtio_ns_callback
                0x08006228       0xe4 ./Middlewares/Third_Party/OpenAMP/rpmsg_virtio.o
 .text.rpmsg_init_vdev
                0x0800630c      0x1d4 ./Middlewares/Third_Party/OpenAMP/rpmsg_virtio.o
                0x0800630c                rpmsg_init_vdev
 .text.metal_machine_cache_flush
                0x080064e0       0x16 ./Middlewares/Third_Party/OpenAMP/sys.o
                0x080064e0                metal_machine_cache_flush
 .text.metal_machine_cache_invalidate
                0x080064f6       0x16 ./Middlewares/Third_Party/OpenAMP/sys.o
                0x080064f6                metal_machine_cache_invalidate
 .text.metal_machine_io_mem_map
                0x0800650c       0x1c ./Middlewares/Third_Party/OpenAMP/sys.o
                0x0800650c                metal_machine_io_mem_map
 .text.vring_size
                0x08006528       0x46 ./Middlewares/Third_Party/OpenAMP/virtio.o
 .text.metal_io_virt_to_offset
                0x0800656e       0x32 ./Middlewares/Third_Party/OpenAMP/virtio.o
 .text.virtio_create_virtqueues
                0x080065a0       0xd2 ./Middlewares/Third_Party/OpenAMP/virtio.o
                0x080065a0                virtio_create_virtqueues
 .text.vring_init
                0x08006672       0x52 ./Middlewares/Third_Party/OpenAMP/virtqueue.o
 .text.vring_need_event
                0x080066c4       0x3c ./Middlewares/Third_Party/OpenAMP/virtqueue.o
 .text.metal_io_virt_to_offset
                0x08006700       0x32 ./Middlewares/Third_Party/OpenAMP/virtqueue.o
 .text.metal_io_phys
                0x08006732       0x5c ./Middlewares/Third_Party/OpenAMP/virtqueue.o
 .text.metal_io_virt_to_phys
                0x0800678e       0x26 ./Middlewares/Third_Party/OpenAMP/virtqueue.o
 .text.virtqueue_virt_to_phys
                0x080067b4       0x22 ./Middlewares/Third_Party/OpenAMP/virtqueue.o
 .text.virtqueue_create
                0x080067d6       0x68 ./Middlewares/Third_Party/OpenAMP/virtqueue.o
                0x080067d6                virtqueue_create
 .text.virtqueue_add_buffer
                0x0800683e       0x88 ./Middlewares/Third_Party/OpenAMP/virtqueue.o
                0x0800683e                virtqueue_add_buffer
 .text.virtqueue_get_buffer
                0x080068c6       0xa0 ./Middlewares/Third_Party/OpenAMP/virtqueue.o
                0x080068c6                virtqueue_get_buffer
 .text.virtqueue_disable_cb
                0x08006966       0x54 ./Middlewares/Third_Party/OpenAMP/virtqueue.o
                0x08006966                virtqueue_disable_cb
 .text.virtqueue_kick
                0x080069ba       0x2c ./Middlewares/Third_Party/OpenAMP/virtqueue.o
                0x080069ba                virtqueue_kick
 .text.vq_ring_add_buffer
                0x080069e6       0xae ./Middlewares/Third_Party/OpenAMP/virtqueue.o
 .text.vq_ring_free_chain
                0x08006a94       0x8e ./Middlewares/Third_Party/OpenAMP/virtqueue.o
 .text.vq_ring_init
                0x08006b22       0x66 ./Middlewares/Third_Party/OpenAMP/virtqueue.o
 .text.vq_ring_update_avail
                0x08006b88       0x5a ./Middlewares/Third_Party/OpenAMP/virtqueue.o
 .text.virtqueue_notification
                0x08006be2       0x24 ./Middlewares/Third_Party/OpenAMP/virtqueue.o
                0x08006be2                virtqueue_notification
 .text.vq_ring_must_notify_host
                0x08006c06       0x6c ./Middlewares/Third_Party/OpenAMP/virtqueue.o
 .text.vq_ring_notify_host
                0x08006c72       0x20 ./Middlewares/Third_Party/OpenAMP/virtqueue.o
 *fill*         0x08006c92        0x2 
 .text.HAL_HSEM_FreeCallback
                0x08006c94       0x20 ./OPENAMP/mbox_hsem.o
                0x08006c94                HAL_HSEM_FreeCallback
 .text.MAILBOX_Init
                0x08006cb4       0x38 ./OPENAMP/mbox_hsem.o
                0x08006cb4                MAILBOX_Init
 .text.MAILBOX_Poll
                0x08006cec       0x34 ./OPENAMP/mbox_hsem.o
                0x08006cec                MAILBOX_Poll
 .text.MAILBOX_Notify
                0x08006d20       0x22 ./OPENAMP/mbox_hsem.o
                0x08006d20                MAILBOX_Notify
 .text.is_rpmsg_ept_ready
                0x08006d42       0x2e ./OPENAMP/openamp.o
 .text.metal_device_io_region
                0x08006d70       0x36 ./OPENAMP/openamp.o
 *fill*         0x08006da6        0x2 
 .text.OPENAMP_shmem_init
                0x08006da8      0x140 ./OPENAMP/openamp.o
 .text.MX_OPENAMP_Init
                0x08006ee8      0x12c ./OPENAMP/openamp.o
                0x08006ee8                MX_OPENAMP_Init
 .text.OPENAMP_create_endpoint
                0x08007014       0x3c ./OPENAMP/openamp.o
                0x08007014                OPENAMP_create_endpoint
 .text.OPENAMP_Wait_EndPointready
                0x08007050       0x30 ./OPENAMP/openamp.o
                0x08007050                OPENAMP_Wait_EndPointready
 .text.resource_table_init
                0x08007080       0x94 ./OPENAMP/rsc_table.o
                0x08007080                resource_table_init
 .text.__assert_func
                0x08007114       0x3c D:/STM32CubeIDE_1.16.0/STM32CubeIDE/plugins/com.st.stm32cube.ide.mcu.externaltools.gnu-tools-for-stm32.12.3.rel1.win32_1.0.200.202406191623/tools/bin/../lib/gcc/arm-none-eabi/12.3.1/../../../../arm-none-eabi/lib/thumb/v7e-m+dp/hard\libc_nano.a(libc_a-assert.o)
                0x08007114                __assert_func
 .text.malloc   0x08007150       0x10 D:/STM32CubeIDE_1.16.0/STM32CubeIDE/plugins/com.st.stm32cube.ide.mcu.externaltools.gnu-tools-for-stm32.12.3.rel1.win32_1.0.200.202406191623/tools/bin/../lib/gcc/arm-none-eabi/12.3.1/../../../../arm-none-eabi/lib/thumb/v7e-m+dp/hard\libc_nano.a(libc_a-malloc.o)
                0x08007150                malloc
 .text.free     0x08007160       0x10 D:/STM32CubeIDE_1.16.0/STM32CubeIDE/plugins/com.st.stm32cube.ide.mcu.externaltools.gnu-tools-for-stm32.12.3.rel1.win32_1.0.200.202406191623/tools/bin/../lib/gcc/arm-none-eabi/12.3.1/../../../../arm-none-eabi/lib/thumb/v7e-m+dp/hard\libc_nano.a(libc_a-malloc.o)
                0x08007160                free
 .text.sbrk_aligned
                0x08007170       0x44 D:/STM32CubeIDE_1.16.0/STM32CubeIDE/plugins/com.st.stm32cube.ide.mcu.externaltools.gnu-tools-for-stm32.12.3.rel1.win32_1.0.200.202406191623/tools/bin/../lib/gcc/arm-none-eabi/12.3.1/../../../../arm-none-eabi/lib/thumb/v7e-m+dp/hard\libc_nano.a(libc_a-mallocr.o)
 .text._malloc_r
                0x080071b4      0x100 D:/STM32CubeIDE_1.16.0/STM32CubeIDE/plugins/com.st.stm32cube.ide.mcu.externaltools.gnu-tools-for-stm32.12.3.rel1.win32_1.0.200.202406191623/tools/bin/../lib/gcc/arm-none-eabi/12.3.1/../../../../arm-none-eabi/lib/thumb/v7e-m+dp/hard\libc_nano.a(libc_a-mallocr.o)
                0x080071b4                _malloc_r
 .text.__malloc_lock
                0x080072b4        0xc D:/STM32CubeIDE_1.16.0/STM32CubeIDE/plugins/com.st.stm32cube.ide.mcu.externaltools.gnu-tools-for-stm32.12.3.rel1.win32_1.0.200.202406191623/tools/bin/../lib/gcc/arm-none-eabi/12.3.1/../../../../arm-none-eabi/lib/thumb/v7e-m+dp/hard\libc_nano.a(libc_a-mlock.o)
                0x080072b4                __malloc_lock
 .text.__malloc_unlock
                0x080072c0        0xc D:/STM32CubeIDE_1.16.0/STM32CubeIDE/plugins/com.st.stm32cube.ide.mcu.externaltools.gnu-tools-for-stm32.12.3.rel1.win32_1.0.200.202406191623/tools/bin/../lib/gcc/arm-none-eabi/12.3.1/../../../../arm-none-eabi/lib/thumb/v7e-m+dp/hard\libc_nano.a(libc_a-mlock.o)
                0x080072c0                __malloc_unlock
 .text.std      0x080072cc       0x6c D:/STM32CubeIDE_1.16.0/STM32CubeIDE/plugins/com.st.stm32cube.ide.mcu.externaltools.gnu-tools-for-stm32.12.3.rel1.win32_1.0.200.202406191623/tools/bin/../lib/gcc/arm-none-eabi/12.3.1/../../../../arm-none-eabi/lib/thumb/v7e-m+dp/hard\libc_nano.a(libc_a-findfp.o)
 .text.stdio_exit_handler
                0x08007338       0x18 D:/STM32CubeIDE_1.16.0/STM32CubeIDE/plugins/com.st.stm32cube.ide.mcu.externaltools.gnu-tools-for-stm32.12.3.rel1.win32_1.0.200.202406191623/tools/bin/../lib/gcc/arm-none-eabi/12.3.1/../../../../arm-none-eabi/lib/thumb/v7e-m+dp/hard\libc_nano.a(libc_a-findfp.o)
 .text.cleanup_stdio
                0x08007350       0x40 D:/STM32CubeIDE_1.16.0/STM32CubeIDE/plugins/com.st.stm32cube.ide.mcu.externaltools.gnu-tools-for-stm32.12.3.rel1.win32_1.0.200.202406191623/tools/bin/../lib/gcc/arm-none-eabi/12.3.1/../../../../arm-none-eabi/lib/thumb/v7e-m+dp/hard\libc_nano.a(libc_a-findfp.o)
 .text.global_stdio_init.part.0
                0x08007390       0x3c D:/STM32CubeIDE_1.16.0/STM32CubeIDE/plugins/com.st.stm32cube.ide.mcu.externaltools.gnu-tools-for-stm32.12.3.rel1.win32_1.0.200.202406191623/tools/bin/../lib/gcc/arm-none-eabi/12.3.1/../../../../arm-none-eabi/lib/thumb/v7e-m+dp/hard\libc_nano.a(libc_a-findfp.o)
 .text.__sfp_lock_acquire
                0x080073cc        0xc D:/STM32CubeIDE_1.16.0/STM32CubeIDE/plugins/com.st.stm32cube.ide.mcu.externaltools.gnu-tools-for-stm32.12.3.rel1.win32_1.0.200.202406191623/tools/bin/../lib/gcc/arm-none-eabi/12.3.1/../../../../arm-none-eabi/lib/thumb/v7e-m+dp/hard\libc_nano.a(libc_a-findfp.o)
                0x080073cc                __sfp_lock_acquire
 .text.__sfp_lock_release
                0x080073d8        0xc D:/STM32CubeIDE_1.16.0/STM32CubeIDE/plugins/com.st.stm32cube.ide.mcu.externaltools.gnu-tools-for-stm32.12.3.rel1.win32_1.0.200.202406191623/tools/bin/../lib/gcc/arm-none-eabi/12.3.1/../../../../arm-none-eabi/lib/thumb/v7e-m+dp/hard\libc_nano.a(libc_a-findfp.o)
                0x080073d8                __sfp_lock_release
 .text.__sinit  0x080073e4       0x30 D:/STM32CubeIDE_1.16.0/STM32CubeIDE/plugins/com.st.stm32cube.ide.mcu.externaltools.gnu-tools-for-stm32.12.3.rel1.win32_1.0.200.202406191623/tools/bin/../lib/gcc/arm-none-eabi/12.3.1/../../../../arm-none-eabi/lib/thumb/v7e-m+dp/hard\libc_nano.a(libc_a-findfp.o)
                0x080073e4                __sinit
 .text.fprintf  0x08007414       0x24 D:/STM32CubeIDE_1.16.0/STM32CubeIDE/plugins/com.st.stm32cube.ide.mcu.externaltools.gnu-tools-for-stm32.12.3.rel1.win32_1.0.200.202406191623/tools/bin/../lib/gcc/arm-none-eabi/12.3.1/../../../../arm-none-eabi/lib/thumb/v7e-m+dp/hard\libc_nano.a(libc_a-fprintf.o)
                0x08007414                fiprintf
                0x08007414                fprintf
 .text._fwalk_sglue
                0x08007438       0x3c D:/STM32CubeIDE_1.16.0/STM32CubeIDE/plugins/com.st.stm32cube.ide.mcu.externaltools.gnu-tools-for-stm32.12.3.rel1.win32_1.0.200.202406191623/tools/bin/../lib/gcc/arm-none-eabi/12.3.1/../../../../arm-none-eabi/lib/thumb/v7e-m+dp/hard\libc_nano.a(libc_a-fwalk.o)
                0x08007438                _fwalk_sglue
 .text.__sread  0x08007474       0x22 D:/STM32CubeIDE_1.16.0/STM32CubeIDE/plugins/com.st.stm32cube.ide.mcu.externaltools.gnu-tools-for-stm32.12.3.rel1.win32_1.0.200.202406191623/tools/bin/../lib/gcc/arm-none-eabi/12.3.1/../../../../arm-none-eabi/lib/thumb/v7e-m+dp/hard\libc_nano.a(libc_a-stdio.o)
                0x08007474                __sread
 .text.__swrite
                0x08007496       0x38 D:/STM32CubeIDE_1.16.0/STM32CubeIDE/plugins/com.st.stm32cube.ide.mcu.externaltools.gnu-tools-for-stm32.12.3.rel1.win32_1.0.200.202406191623/tools/bin/../lib/gcc/arm-none-eabi/12.3.1/../../../../arm-none-eabi/lib/thumb/v7e-m+dp/hard\libc_nano.a(libc_a-stdio.o)
                0x08007496                __swrite
 .text.__sseek  0x080074ce       0x24 D:/STM32CubeIDE_1.16.0/STM32CubeIDE/plugins/com.st.stm32cube.ide.mcu.externaltools.gnu-tools-for-stm32.12.3.rel1.win32_1.0.200.202406191623/tools/bin/../lib/gcc/arm-none-eabi/12.3.1/../../../../arm-none-eabi/lib/thumb/v7e-m+dp/hard\libc_nano.a(libc_a-stdio.o)
                0x080074ce                __sseek
 .text.__sclose
                0x080074f2        0x8 D:/STM32CubeIDE_1.16.0/STM32CubeIDE/plugins/com.st.stm32cube.ide.mcu.externaltools.gnu-tools-for-stm32.12.3.rel1.win32_1.0.200.202406191623/tools/bin/../lib/gcc/arm-none-eabi/12.3.1/../../../../arm-none-eabi/lib/thumb/v7e-m+dp/hard\libc_nano.a(libc_a-stdio.o)
                0x080074f2                __sclose
 .text.memset   0x080074fa       0x10 D:/STM32CubeIDE_1.16.0/STM32CubeIDE/plugins/com.st.stm32cube.ide.mcu.externaltools.gnu-tools-for-stm32.12.3.rel1.win32_1.0.200.202406191623/tools/bin/../lib/gcc/arm-none-eabi/12.3.1/../../../../arm-none-eabi/lib/thumb/v7e-m+dp/hard\libc_nano.a(libc_a-memset.o)
                0x080074fa                memset
 .text.strncmp  0x0800750a       0x24 D:/STM32CubeIDE_1.16.0/STM32CubeIDE/plugins/com.st.stm32cube.ide.mcu.externaltools.gnu-tools-for-stm32.12.3.rel1.win32_1.0.200.202406191623/tools/bin/../lib/gcc/arm-none-eabi/12.3.1/../../../../arm-none-eabi/lib/thumb/v7e-m+dp/hard\libc_nano.a(libc_a-strncmp.o)
                0x0800750a                strncmp
 .text.strncpy  0x0800752e       0x26 D:/STM32CubeIDE_1.16.0/STM32CubeIDE/plugins/com.st.stm32cube.ide.mcu.externaltools.gnu-tools-for-stm32.12.3.rel1.win32_1.0.200.202406191623/tools/bin/../lib/gcc/arm-none-eabi/12.3.1/../../../../arm-none-eabi/lib/thumb/v7e-m+dp/hard\libc_nano.a(libc_a-strncpy.o)
                0x0800752e                strncpy
 .text._close_r
                0x08007554       0x20 D:/STM32CubeIDE_1.16.0/STM32CubeIDE/plugins/com.st.stm32cube.ide.mcu.externaltools.gnu-tools-for-stm32.12.3.rel1.win32_1.0.200.202406191623/tools/bin/../lib/gcc/arm-none-eabi/12.3.1/../../../../arm-none-eabi/lib/thumb/v7e-m+dp/hard\libc_nano.a(libc_a-closer.o)
                0x08007554                _close_r
 .text._lseek_r
                0x08007574       0x24 D:/STM32CubeIDE_1.16.0/STM32CubeIDE/plugins/com.st.stm32cube.ide.mcu.externaltools.gnu-tools-for-stm32.12.3.rel1.win32_1.0.200.202406191623/tools/bin/../lib/gcc/arm-none-eabi/12.3.1/../../../../arm-none-eabi/lib/thumb/v7e-m+dp/hard\libc_nano.a(libc_a-lseekr.o)
                0x08007574                _lseek_r
 .text._read_r  0x08007598       0x24 D:/STM32CubeIDE_1.16.0/STM32CubeIDE/plugins/com.st.stm32cube.ide.mcu.externaltools.gnu-tools-for-stm32.12.3.rel1.win32_1.0.200.202406191623/tools/bin/../lib/gcc/arm-none-eabi/12.3.1/../../../../arm-none-eabi/lib/thumb/v7e-m+dp/hard\libc_nano.a(libc_a-readr.o)
                0x08007598                _read_r
 .text._sbrk_r  0x080075bc       0x20 D:/STM32CubeIDE_1.16.0/STM32CubeIDE/plugins/com.st.stm32cube.ide.mcu.externaltools.gnu-tools-for-stm32.12.3.rel1.win32_1.0.200.202406191623/tools/bin/../lib/gcc/arm-none-eabi/12.3.1/../../../../arm-none-eabi/lib/thumb/v7e-m+dp/hard\libc_nano.a(libc_a-sbrkr.o)
                0x080075bc                _sbrk_r
 .text._write_r
                0x080075dc       0x24 D:/STM32CubeIDE_1.16.0/STM32CubeIDE/plugins/com.st.stm32cube.ide.mcu.externaltools.gnu-tools-for-stm32.12.3.rel1.win32_1.0.200.202406191623/tools/bin/../lib/gcc/arm-none-eabi/12.3.1/../../../../arm-none-eabi/lib/thumb/v7e-m+dp/hard\libc_nano.a(libc_a-writer.o)
                0x080075dc                _write_r
 .text.__errno  0x08007600        0xc D:/STM32CubeIDE_1.16.0/STM32CubeIDE/plugins/com.st.stm32cube.ide.mcu.externaltools.gnu-tools-for-stm32.12.3.rel1.win32_1.0.200.202406191623/tools/bin/../lib/gcc/arm-none-eabi/12.3.1/../../../../arm-none-eabi/lib/thumb/v7e-m+dp/hard\libc_nano.a(libc_a-errno.o)
                0x08007600                __errno
 .text.__libc_init_array
                0x0800760c       0x48 D:/STM32CubeIDE_1.16.0/STM32CubeIDE/plugins/com.st.stm32cube.ide.mcu.externaltools.gnu-tools-for-stm32.12.3.rel1.win32_1.0.200.202406191623/tools/bin/../lib/gcc/arm-none-eabi/12.3.1/../../../../arm-none-eabi/lib/thumb/v7e-m+dp/hard\libc_nano.a(libc_a-init.o)
                0x0800760c                __libc_init_array
 .text.__retarget_lock_init_recursive
                0x08007654        0x2 D:/STM32CubeIDE_1.16.0/STM32CubeIDE/plugins/com.st.stm32cube.ide.mcu.externaltools.gnu-tools-for-stm32.12.3.rel1.win32_1.0.200.202406191623/tools/bin/../lib/gcc/arm-none-eabi/12.3.1/../../../../arm-none-eabi/lib/thumb/v7e-m+dp/hard\libc_nano.a(libc_a-lock.o)
                0x08007654                __retarget_lock_init_recursive
 .text.__retarget_lock_acquire_recursive
                0x08007656        0x2 D:/STM32CubeIDE_1.16.0/STM32CubeIDE/plugins/com.st.stm32cube.ide.mcu.externaltools.gnu-tools-for-stm32.12.3.rel1.win32_1.0.200.202406191623/tools/bin/../lib/gcc/arm-none-eabi/12.3.1/../../../../arm-none-eabi/lib/thumb/v7e-m+dp/hard\libc_nano.a(libc_a-lock.o)
                0x08007656                __retarget_lock_acquire_recursive
 .text.__retarget_lock_release_recursive
                0x08007658        0x2 D:/STM32CubeIDE_1.16.0/STM32CubeIDE/plugins/com.st.stm32cube.ide.mcu.externaltools.gnu-tools-for-stm32.12.3.rel1.win32_1.0.200.202406191623/tools/bin/../lib/gcc/arm-none-eabi/12.3.1/../../../../arm-none-eabi/lib/thumb/v7e-m+dp/hard\libc_nano.a(libc_a-lock.o)
                0x08007658                __retarget_lock_release_recursive
 .text.memcpy   0x0800765a       0x1c D:/STM32CubeIDE_1.16.0/STM32CubeIDE/plugins/com.st.stm32cube.ide.mcu.externaltools.gnu-tools-for-stm32.12.3.rel1.win32_1.0.200.202406191623/tools/bin/../lib/gcc/arm-none-eabi/12.3.1/../../../../arm-none-eabi/lib/thumb/v7e-m+dp/hard\libc_nano.a(libc_a-memcpy-stub.o)
                0x0800765a                memcpy
 .text.abort    0x08007676        0xe D:/STM32CubeIDE_1.16.0/STM32CubeIDE/plugins/com.st.stm32cube.ide.mcu.externaltools.gnu-tools-for-stm32.12.3.rel1.win32_1.0.200.202406191623/tools/bin/../lib/gcc/arm-none-eabi/12.3.1/../../../../arm-none-eabi/lib/thumb/v7e-m+dp/hard\libc_nano.a(libc_a-abort.o)
                0x08007676                abort
 .text._free_r  0x08007684       0x94 D:/STM32CubeIDE_1.16.0/STM32CubeIDE/plugins/com.st.stm32cube.ide.mcu.externaltools.gnu-tools-for-stm32.12.3.rel1.win32_1.0.200.202406191623/tools/bin/../lib/gcc/arm-none-eabi/12.3.1/../../../../arm-none-eabi/lib/thumb/v7e-m+dp/hard\libc_nano.a(libc_a-freer.o)
                0x08007684                _free_r
 .text.__sfputc_r
                0x08007718       0x2e D:/STM32CubeIDE_1.16.0/STM32CubeIDE/plugins/com.st.stm32cube.ide.mcu.externaltools.gnu-tools-for-stm32.12.3.rel1.win32_1.0.200.202406191623/tools/bin/../lib/gcc/arm-none-eabi/12.3.1/../../../../arm-none-eabi/lib/thumb/v7e-m+dp/hard\libc_nano.a(libc_a-nano-vfprintf.o)
 .text.__sfputs_r
                0x08007746       0x24 D:/STM32CubeIDE_1.16.0/STM32CubeIDE/plugins/com.st.stm32cube.ide.mcu.externaltools.gnu-tools-for-stm32.12.3.rel1.win32_1.0.200.202406191623/tools/bin/../lib/gcc/arm-none-eabi/12.3.1/../../../../arm-none-eabi/lib/thumb/v7e-m+dp/hard\libc_nano.a(libc_a-nano-vfprintf.o)
                0x08007746                __sfputs_r
 *fill*         0x0800776a        0x2 
 .text._vfprintf_r
                0x0800776c      0x230 D:/STM32CubeIDE_1.16.0/STM32CubeIDE/plugins/com.st.stm32cube.ide.mcu.externaltools.gnu-tools-for-stm32.12.3.rel1.win32_1.0.200.202406191623/tools/bin/../lib/gcc/arm-none-eabi/12.3.1/../../../../arm-none-eabi/lib/thumb/v7e-m+dp/hard\libc_nano.a(libc_a-nano-vfprintf.o)
                0x0800776c                _vfprintf_r
                0x0800776c                _vfiprintf_r
 .text._printf_common
                0x0800799c       0xda D:/STM32CubeIDE_1.16.0/STM32CubeIDE/plugins/com.st.stm32cube.ide.mcu.externaltools.gnu-tools-for-stm32.12.3.rel1.win32_1.0.200.202406191623/tools/bin/../lib/gcc/arm-none-eabi/12.3.1/../../../../arm-none-eabi/lib/thumb/v7e-m+dp/hard\libc_nano.a(libc_a-nano-vfprintf_i.o)
                0x0800799c                _printf_common
 *fill*         0x08007a76        0x2 
 .text._printf_i
                0x08007a78      0x240 D:/STM32CubeIDE_1.16.0/STM32CubeIDE/plugins/com.st.stm32cube.ide.mcu.externaltools.gnu-tools-for-stm32.12.3.rel1.win32_1.0.200.202406191623/tools/bin/../lib/gcc/arm-none-eabi/12.3.1/../../../../arm-none-eabi/lib/thumb/v7e-m+dp/hard\libc_nano.a(libc_a-nano-vfprintf_i.o)
                0x08007a78                _printf_i
 .text.__sflush_r
                0x08007cb8      0x108 D:/STM32CubeIDE_1.16.0/STM32CubeIDE/plugins/com.st.stm32cube.ide.mcu.externaltools.gnu-tools-for-stm32.12.3.rel1.win32_1.0.200.202406191623/tools/bin/../lib/gcc/arm-none-eabi/12.3.1/../../../../arm-none-eabi/lib/thumb/v7e-m+dp/hard\libc_nano.a(libc_a-fflush.o)
                0x08007cb8                __sflush_r
 .text._fflush_r
                0x08007dc0       0x50 D:/STM32CubeIDE_1.16.0/STM32CubeIDE/plugins/com.st.stm32cube.ide.mcu.externaltools.gnu-tools-for-stm32.12.3.rel1.win32_1.0.200.202406191623/tools/bin/../lib/gcc/arm-none-eabi/12.3.1/../../../../arm-none-eabi/lib/thumb/v7e-m+dp/hard\libc_nano.a(libc_a-fflush.o)
                0x08007dc0                _fflush_r
 .text.__swbuf_r
                0x08007e10       0x7c D:/STM32CubeIDE_1.16.0/STM32CubeIDE/plugins/com.st.stm32cube.ide.mcu.externaltools.gnu-tools-for-stm32.12.3.rel1.win32_1.0.200.202406191623/tools/bin/../lib/gcc/arm-none-eabi/12.3.1/../../../../arm-none-eabi/lib/thumb/v7e-m+dp/hard\libc_nano.a(libc_a-wbuf.o)
                0x08007e10                __swbuf_r
 .text.__swsetup_r
                0x08007e8c       0xac D:/STM32CubeIDE_1.16.0/STM32CubeIDE/plugins/com.st.stm32cube.ide.mcu.externaltools.gnu-tools-for-stm32.12.3.rel1.win32_1.0.200.202406191623/tools/bin/../lib/gcc/arm-none-eabi/12.3.1/../../../../arm-none-eabi/lib/thumb/v7e-m+dp/hard\libc_nano.a(libc_a-wsetup.o)
                0x08007e8c                __swsetup_r
 .text._raise_r
                0x08007f38       0x50 D:/STM32CubeIDE_1.16.0/STM32CubeIDE/plugins/com.st.stm32cube.ide.mcu.externaltools.gnu-tools-for-stm32.12.3.rel1.win32_1.0.200.202406191623/tools/bin/../lib/gcc/arm-none-eabi/12.3.1/../../../../arm-none-eabi/lib/thumb/v7e-m+dp/hard\libc_nano.a(libc_a-signal.o)
                0x08007f38                _raise_r
 .text.raise    0x08007f88       0x10 D:/STM32CubeIDE_1.16.0/STM32CubeIDE/plugins/com.st.stm32cube.ide.mcu.externaltools.gnu-tools-for-stm32.12.3.rel1.win32_1.0.200.202406191623/tools/bin/../lib/gcc/arm-none-eabi/12.3.1/../../../../arm-none-eabi/lib/thumb/v7e-m+dp/hard\libc_nano.a(libc_a-signal.o)
                0x08007f88                raise
 .text._kill_r  0x08007f98       0x24 D:/STM32CubeIDE_1.16.0/STM32CubeIDE/plugins/com.st.stm32cube.ide.mcu.externaltools.gnu-tools-for-stm32.12.3.rel1.win32_1.0.200.202406191623/tools/bin/../lib/gcc/arm-none-eabi/12.3.1/../../../../arm-none-eabi/lib/thumb/v7e-m+dp/hard\libc_nano.a(libc_a-signalr.o)
                0x08007f98                _kill_r
 .text._getpid_r
                0x08007fbc        0x4 D:/STM32CubeIDE_1.16.0/STM32CubeIDE/plugins/com.st.stm32cube.ide.mcu.externaltools.gnu-tools-for-stm32.12.3.rel1.win32_1.0.200.202406191623/tools/bin/../lib/gcc/arm-none-eabi/12.3.1/../../../../arm-none-eabi/lib/thumb/v7e-m+dp/hard\libc_nano.a(libc_a-signalr.o)
                0x08007fbc                _getpid_r
 .text.__swhatbuf_r
                0x08007fc0       0x4c D:/STM32CubeIDE_1.16.0/STM32CubeIDE/plugins/com.st.stm32cube.ide.mcu.externaltools.gnu-tools-for-stm32.12.3.rel1.win32_1.0.200.202406191623/tools/bin/../lib/gcc/arm-none-eabi/12.3.1/../../../../arm-none-eabi/lib/thumb/v7e-m+dp/hard\libc_nano.a(libc_a-makebuf.o)
                0x08007fc0                __swhatbuf_r
 .text.__smakebuf_r
                0x0800800c       0x78 D:/STM32CubeIDE_1.16.0/STM32CubeIDE/plugins/com.st.stm32cube.ide.mcu.externaltools.gnu-tools-for-stm32.12.3.rel1.win32_1.0.200.202406191623/tools/bin/../lib/gcc/arm-none-eabi/12.3.1/../../../../arm-none-eabi/lib/thumb/v7e-m+dp/hard\libc_nano.a(libc_a-makebuf.o)
                0x0800800c                __smakebuf_r
 .text._fstat_r
                0x08008084       0x24 D:/STM32CubeIDE_1.16.0/STM32CubeIDE/plugins/com.st.stm32cube.ide.mcu.externaltools.gnu-tools-for-stm32.12.3.rel1.win32_1.0.200.202406191623/tools/bin/../lib/gcc/arm-none-eabi/12.3.1/../../../../arm-none-eabi/lib/thumb/v7e-m+dp/hard\libc_nano.a(libc_a-fstatr.o)
                0x08008084                _fstat_r
 .text._isatty_r
                0x080080a8       0x20 D:/STM32CubeIDE_1.16.0/STM32CubeIDE/plugins/com.st.stm32cube.ide.mcu.externaltools.gnu-tools-for-stm32.12.3.rel1.win32_1.0.200.202406191623/tools/bin/../lib/gcc/arm-none-eabi/12.3.1/../../../../arm-none-eabi/lib/thumb/v7e-m+dp/hard\libc_nano.a(libc_a-isattyr.o)
                0x080080a8                _isatty_r
 *(.glue_7)
 .glue_7        0x080080c8        0x0 linker stubs
 *(.glue_7t)
 .glue_7t       0x080080c8        0x0 linker stubs
 *(.eh_frame)
 .eh_frame      0x080080c8        0x0 D:/STM32CubeIDE_1.16.0/STM32CubeIDE/plugins/com.st.stm32cube.ide.mcu.externaltools.gnu-tools-for-stm32.12.3.rel1.win32_1.0.200.202406191623/tools/bin/../lib/gcc/arm-none-eabi/12.3.1/thumb/v7e-m+dp/hard/crtbegin.o
 *(.init)
 .init          0x080080c8        0x4 D:/STM32CubeIDE_1.16.0/STM32CubeIDE/plugins/com.st.stm32cube.ide.mcu.externaltools.gnu-tools-for-stm32.12.3.rel1.win32_1.0.200.202406191623/tools/bin/../lib/gcc/arm-none-eabi/12.3.1/thumb/v7e-m+dp/hard/crti.o
                0x080080c8                _init
 .init          0x080080cc        0x8 D:/STM32CubeIDE_1.16.0/STM32CubeIDE/plugins/com.st.stm32cube.ide.mcu.externaltools.gnu-tools-for-stm32.12.3.rel1.win32_1.0.200.202406191623/tools/bin/../lib/gcc/arm-none-eabi/12.3.1/thumb/v7e-m+dp/hard/crtn.o
 *(.fini)
 .fini          0x080080d4        0x4 D:/STM32CubeIDE_1.16.0/STM32CubeIDE/plugins/com.st.stm32cube.ide.mcu.externaltools.gnu-tools-for-stm32.12.3.rel1.win32_1.0.200.202406191623/tools/bin/../lib/gcc/arm-none-eabi/12.3.1/thumb/v7e-m+dp/hard/crti.o
                0x080080d4                _fini
 .fini          0x080080d8        0x8 D:/STM32CubeIDE_1.16.0/STM32CubeIDE/plugins/com.st.stm32cube.ide.mcu.externaltools.gnu-tools-for-stm32.12.3.rel1.win32_1.0.200.202406191623/tools/bin/../lib/gcc/arm-none-eabi/12.3.1/thumb/v7e-m+dp/hard/crtn.o
                0x080080e0                        . = ALIGN (0x4)
                0x080080e0                        _etext = .

.vfp11_veneer   0x080080e0        0x0
 .vfp11_veneer  0x080080e0        0x0 linker stubs

.v4_bx          0x080080e0        0x0
 .v4_bx         0x080080e0        0x0 linker stubs

.iplt           0x080080e0        0x0
 .iplt          0x080080e0        0x0 D:/STM32CubeIDE_1.16.0/STM32CubeIDE/plugins/com.st.stm32cube.ide.mcu.externaltools.gnu-tools-for-stm32.12.3.rel1.win32_1.0.200.202406191623/tools/bin/../lib/gcc/arm-none-eabi/12.3.1/thumb/v7e-m+dp/hard/crtbegin.o

.rodata         0x080080e0      0x300
                0x080080e0                        . = ALIGN (0x4)
 *(.rodata)
 .rodata        0x080080e0       0x58 ./Core/Src/main.o
 .rodata        0x08008138        0x5 ./Middlewares/Third_Party/FreeRTOS/tasks.o
 *fill*         0x0800813d        0x3 
 .rodata        0x08008140       0xac ./Middlewares/Third_Party/OpenAMP/device.o
 .rodata        0x080081ec       0xdc ./Middlewares/Third_Party/OpenAMP/remoteproc_virtio.o
 .rodata        0x080082c8       0x13 ./Middlewares/Third_Party/OpenAMP/rpmsg_virtio.o
 *fill*         0x080082db        0x1 
 .rodata        0x080082dc       0x1d ./OPENAMP/openamp.o
 *(.rodata*)
 *fill*         0x080082f9        0x3 
 .rodata.D1CorePrescTable
                0x080082fc       0x10 ./Common/Src/system_stm32h7xx_dualcore_boot_cm4_cm7.o
                0x080082fc                D1CorePrescTable
 .rodata.remoteproc_virtio_dispatch_funcs
                0x0800830c       0x24 ./Middlewares/Third_Party/OpenAMP/remoteproc_virtio.o
                0x0800830c                remoteproc_virtio_dispatch_funcs
 .rodata.__func__.2
                0x08008330       0x1e ./Middlewares/Third_Party/OpenAMP/remoteproc_virtio.o
 *fill*         0x0800834e        0x2 
 .rodata.__func__.1
                0x08008350        0xe ./Middlewares/Third_Party/OpenAMP/remoteproc_virtio.o
 *fill*         0x0800835e        0x2 
 .rodata.__func__.0
                0x08008360        0xf ./Middlewares/Third_Party/OpenAMP/remoteproc_virtio.o
 .rodata.__assert_func.str1.1
                0x0800836f       0x3c D:/STM32CubeIDE_1.16.0/STM32CubeIDE/plugins/com.st.stm32cube.ide.mcu.externaltools.gnu-tools-for-stm32.12.3.rel1.win32_1.0.200.202406191623/tools/bin/../lib/gcc/arm-none-eabi/12.3.1/../../../../arm-none-eabi/lib/thumb/v7e-m+dp/hard\libc_nano.a(libc_a-assert.o)
                                 0x3d (size before relaxing)
 .rodata._vfprintf_r.str1.1
                0x080083ab       0x11 D:/STM32CubeIDE_1.16.0/STM32CubeIDE/plugins/com.st.stm32cube.ide.mcu.externaltools.gnu-tools-for-stm32.12.3.rel1.win32_1.0.200.202406191623/tools/bin/../lib/gcc/arm-none-eabi/12.3.1/../../../../arm-none-eabi/lib/thumb/v7e-m+dp/hard\libc_nano.a(libc_a-nano-vfprintf.o)
 .rodata._printf_i.str1.1
                0x080083bc       0x22 D:/STM32CubeIDE_1.16.0/STM32CubeIDE/plugins/com.st.stm32cube.ide.mcu.externaltools.gnu-tools-for-stm32.12.3.rel1.win32_1.0.200.202406191623/tools/bin/../lib/gcc/arm-none-eabi/12.3.1/../../../../arm-none-eabi/lib/thumb/v7e-m+dp/hard\libc_nano.a(libc_a-nano-vfprintf_i.o)
                0x080083e0                        . = ALIGN (0x4)
 *fill*         0x080083de        0x2 

.ARM.extab      0x080083e0        0x0
                0x080083e0                        . = ALIGN (0x4)
 *(.ARM.extab* .gnu.linkonce.armextab.*)
                0x080083e0                        . = ALIGN (0x4)

.ARM            0x080083e0        0x8
                0x080083e0                        . = ALIGN (0x4)
                0x080083e0                        __exidx_start = .
 *(.ARM.exidx*)
 .ARM.exidx     0x080083e0        0x8 D:/STM32CubeIDE_1.16.0/STM32CubeIDE/plugins/com.st.stm32cube.ide.mcu.externaltools.gnu-tools-for-stm32.12.3.rel1.win32_1.0.200.202406191623/tools/bin/../lib/gcc/arm-none-eabi/12.3.1/../../../../arm-none-eabi/lib/thumb/v7e-m+dp/hard\libc_nano.a(libc_a-strcmp.o)
 .ARM.exidx     0x080083e8        0x0 D:/STM32CubeIDE_1.16.0/STM32CubeIDE/plugins/com.st.stm32cube.ide.mcu.externaltools.gnu-tools-for-stm32.12.3.rel1.win32_1.0.200.202406191623/tools/bin/../lib/gcc/arm-none-eabi/12.3.1/../../../../arm-none-eabi/lib/thumb/v7e-m+dp/hard\libc_nano.a(libc_a-memchr.o)
                                  0x8 (size before relaxing)
                0x080083e8                        __exidx_end = .
                0x080083e8                        . = ALIGN (0x4)

.rel.dyn        0x080083e8        0x0
 .rel.iplt      0x080083e8        0x0 D:/STM32CubeIDE_1.16.0/STM32CubeIDE/plugins/com.st.stm32cube.ide.mcu.externaltools.gnu-tools-for-stm32.12.3.rel1.win32_1.0.200.202406191623/tools/bin/../lib/gcc/arm-none-eabi/12.3.1/thumb/v7e-m+dp/hard/crtbegin.o

.preinit_array  0x080083e8        0x0
                0x080083e8                        . = ALIGN (0x4)
                0x080083e8                        PROVIDE (__preinit_array_start = .)
 *(.preinit_array*)
                0x080083e8                        PROVIDE (__preinit_array_end = .)
                0x080083e8                        . = ALIGN (0x4)

.init_array     0x080083e8        0x4
                0x080083e8                        . = ALIGN (0x4)
                0x080083e8                        PROVIDE (__init_array_start = .)
 *(SORT_BY_NAME(.init_array.*))
 *(.init_array*)
 .init_array    0x080083e8        0x4 D:/STM32CubeIDE_1.16.0/STM32CubeIDE/plugins/com.st.stm32cube.ide.mcu.externaltools.gnu-tools-for-stm32.12.3.rel1.win32_1.0.200.202406191623/tools/bin/../lib/gcc/arm-none-eabi/12.3.1/thumb/v7e-m+dp/hard/crtbegin.o
                0x080083ec                        PROVIDE (__init_array_end = .)
                0x080083ec                        . = ALIGN (0x4)

.fini_array     0x080083ec        0x4
                0x080083ec                        . = ALIGN (0x4)
                [!provide]                        PROVIDE (__fini_array_start = .)
 *(SORT_BY_NAME(.fini_array.*))
 *(.fini_array*)
 .fini_array    0x080083ec        0x4 D:/STM32CubeIDE_1.16.0/STM32CubeIDE/plugins/com.st.stm32cube.ide.mcu.externaltools.gnu-tools-for-stm32.12.3.rel1.win32_1.0.200.202406191623/tools/bin/../lib/gcc/arm-none-eabi/12.3.1/thumb/v7e-m+dp/hard/crtbegin.o
                [!provide]                        PROVIDE (__fini_array_end = .)
                0x080083f0                        . = ALIGN (0x4)
                0x080083f0                        _sidata = LOADADDR (.data)

.data           0x24000000      0x118 load address 0x080083f0
                0x24000000                        . = ALIGN (0x4)
                0x24000000                        _sdata = .
 *(.data)
 *(.data*)
 .data.SystemCoreClock
                0x24000000        0x4 ./Common/Src/system_stm32h7xx_dualcore_boot_cm4_cm7.o
                0x24000000                SystemCoreClock
 .data.SystemD2Clock
                0x24000004        0x4 ./Common/Src/system_stm32h7xx_dualcore_boot_cm4_cm7.o
                0x24000004                SystemD2Clock
 .data.uwTickPrio
                0x24000008        0x4 ./Drivers/STM32H7xx_HAL_Driver/stm32h7xx_hal.o
                0x24000008                uwTickPrio
 .data.uwTickFreq
                0x2400000c        0x1 ./Drivers/STM32H7xx_HAL_Driver/stm32h7xx_hal.o
                0x2400000c                uwTickFreq
 *fill*         0x2400000d        0x3 
 .data.uxCriticalNesting
                0x24000010        0x4 ./Middlewares/Third_Party/FreeRTOS/port.o
 .data.metal_generic_bus
                0x24000014       0x2c ./Middlewares/Third_Party/OpenAMP/device.o
                0x24000014                metal_generic_bus
 .data.shm_device
                0x24000040       0x7c ./OPENAMP/openamp.o
                0x24000040                shm_device
 .data.__sglue  0x240000bc        0xc D:/STM32CubeIDE_1.16.0/STM32CubeIDE/plugins/com.st.stm32cube.ide.mcu.externaltools.gnu-tools-for-stm32.12.3.rel1.win32_1.0.200.202406191623/tools/bin/../lib/gcc/arm-none-eabi/12.3.1/../../../../arm-none-eabi/lib/thumb/v7e-m+dp/hard\libc_nano.a(libc_a-findfp.o)
                0x240000bc                __sglue
 .data._impure_ptr
                0x240000c8        0x4 D:/STM32CubeIDE_1.16.0/STM32CubeIDE/plugins/com.st.stm32cube.ide.mcu.externaltools.gnu-tools-for-stm32.12.3.rel1.win32_1.0.200.202406191623/tools/bin/../lib/gcc/arm-none-eabi/12.3.1/../../../../arm-none-eabi/lib/thumb/v7e-m+dp/hard\libc_nano.a(libc_a-impure.o)
                0x240000c8                _impure_ptr
 .data._impure_data
                0x240000cc       0x4c D:/STM32CubeIDE_1.16.0/STM32CubeIDE/plugins/com.st.stm32cube.ide.mcu.externaltools.gnu-tools-for-stm32.12.3.rel1.win32_1.0.200.202406191623/tools/bin/../lib/gcc/arm-none-eabi/12.3.1/../../../../arm-none-eabi/lib/thumb/v7e-m+dp/hard\libc_nano.a(libc_a-impure.o)
                0x240000cc                _impure_data
 *(.RamFunc)
 *(.RamFunc*)
                0x24000118                        . = ALIGN (0x4)
                0x24000118                        _edata = .

.igot.plt       0x24000118        0x0 load address 0x08008508
 .igot.plt      0x24000118        0x0 D:/STM32CubeIDE_1.16.0/STM32CubeIDE/plugins/com.st.stm32cube.ide.mcu.externaltools.gnu-tools-for-stm32.12.3.rel1.win32_1.0.200.202406191623/tools/bin/../lib/gcc/arm-none-eabi/12.3.1/thumb/v7e-m+dp/hard/crtbegin.o
                0x24000118                        . = ALIGN (0x4)

.bss            0x24000118     0x42d8 load address 0x08008508
                0x24000118                        _sbss = .
                0x24000118                        __bss_start__ = _sbss
 *(.bss)
 .bss           0x24000118       0x1c D:/STM32CubeIDE_1.16.0/STM32CubeIDE/plugins/com.st.stm32cube.ide.mcu.externaltools.gnu-tools-for-stm32.12.3.rel1.win32_1.0.200.202406191623/tools/bin/../lib/gcc/arm-none-eabi/12.3.1/thumb/v7e-m+dp/hard/crtbegin.o
 *(.bss*)
 .bss.xIdleTaskTCBBuffer
                0x24000134       0x54 ./Core/Src/freertos.o
 .bss.xIdleStack
                0x24000188      0x200 ./Core/Src/freertos.o
 .bss.rp_endpoint
                0x24000388       0x40 ./Core/Src/main.o
 .bss.message_received
                0x240003c8        0x4 ./Core/Src/main.o
 .bss.service_created
                0x240003cc        0x4 ./Core/Src/main.o
 .bss.received_data
                0x240003d0        0x4 ./Core/Src/main.o
                0x240003d0                received_data
 .bss.binary_code
                0x240003d4        0x4 ./Core/Src/main.o
                0x240003d4                binary_code
 .bss.angle_fd  0x240003d8       0x20 ./Core/Src/main.o
 .bss.angle     0x240003f8       0x20 ./Core/Src/main.o
 .bss.ang       0x24000418       0x20 ./Core/Src/main.o
                0x24000418                ang
 .bss.status_sta
                0x24000438        0x4 ./Core/Src/main.o
 .bss.rxTaskHandle
                0x2400043c        0x4 ./Core/Src/main.o
                0x2400043c                rxTaskHandle
 .bss.txTaskHandle
                0x24000440        0x4 ./Core/Src/main.o
                0x24000440                txTaskHandle
 .bss.htim6     0x24000444       0x4c ./Core/Src/stm32h7xx_hal_timebase_tim.o
                0x24000444                htim6
 .bss.__sbrk_heap_end
                0x24000490        0x4 ./Core/Src/sysmem.o
 .bss.uwTick    0x24000494        0x4 ./Drivers/STM32H7xx_HAL_Driver/stm32h7xx_hal.o
                0x24000494                uwTick
 .bss.ucHeap    0x24000498     0x3c00 ./Middlewares/Third_Party/FreeRTOS/heap_4.o
 .bss.xStart    0x24004098        0x8 ./Middlewares/Third_Party/FreeRTOS/heap_4.o
 .bss.pxEnd     0x240040a0        0x4 ./Middlewares/Third_Party/FreeRTOS/heap_4.o
 .bss.xFreeBytesRemaining
                0x240040a4        0x4 ./Middlewares/Third_Party/FreeRTOS/heap_4.o
 .bss.xMinimumEverFreeBytesRemaining
                0x240040a8        0x4 ./Middlewares/Third_Party/FreeRTOS/heap_4.o
 .bss.xNumberOfSuccessfulAllocations
                0x240040ac        0x4 ./Middlewares/Third_Party/FreeRTOS/heap_4.o
 .bss.xNumberOfSuccessfulFrees
                0x240040b0        0x4 ./Middlewares/Third_Party/FreeRTOS/heap_4.o
 .bss.xBlockAllocatedBit
                0x240040b4        0x4 ./Middlewares/Third_Party/FreeRTOS/heap_4.o
 .bss.ucMaxSysCallPriority
                0x240040b8        0x1 ./Middlewares/Third_Party/FreeRTOS/port.o
 *fill*         0x240040b9        0x3 
 .bss.ulMaxPRIGROUPValue
                0x240040bc        0x4 ./Middlewares/Third_Party/FreeRTOS/port.o
 .bss.pxCurrentTCB
                0x240040c0        0x4 ./Middlewares/Third_Party/FreeRTOS/tasks.o
                0x240040c0                pxCurrentTCB
 .bss.pxReadyTasksLists
                0x240040c4       0x8c ./Middlewares/Third_Party/FreeRTOS/tasks.o
 .bss.xDelayedTaskList1
                0x24004150       0x14 ./Middlewares/Third_Party/FreeRTOS/tasks.o
 .bss.xDelayedTaskList2
                0x24004164       0x14 ./Middlewares/Third_Party/FreeRTOS/tasks.o
 .bss.pxDelayedTaskList
                0x24004178        0x4 ./Middlewares/Third_Party/FreeRTOS/tasks.o
 .bss.pxOverflowDelayedTaskList
                0x2400417c        0x4 ./Middlewares/Third_Party/FreeRTOS/tasks.o
 .bss.xPendingReadyList
                0x24004180       0x14 ./Middlewares/Third_Party/FreeRTOS/tasks.o
 .bss.xTasksWaitingTermination
                0x24004194       0x14 ./Middlewares/Third_Party/FreeRTOS/tasks.o
 .bss.uxDeletedTasksWaitingCleanUp
                0x240041a8        0x4 ./Middlewares/Third_Party/FreeRTOS/tasks.o
 .bss.xSuspendedTaskList
                0x240041ac       0x14 ./Middlewares/Third_Party/FreeRTOS/tasks.o
 .bss.uxCurrentNumberOfTasks
                0x240041c0        0x4 ./Middlewares/Third_Party/FreeRTOS/tasks.o
 .bss.xTickCount
                0x240041c4        0x4 ./Middlewares/Third_Party/FreeRTOS/tasks.o
 .bss.uxTopReadyPriority
                0x240041c8        0x4 ./Middlewares/Third_Party/FreeRTOS/tasks.o
 .bss.xSchedulerRunning
                0x240041cc        0x4 ./Middlewares/Third_Party/FreeRTOS/tasks.o
 .bss.xPendedTicks
                0x240041d0        0x4 ./Middlewares/Third_Party/FreeRTOS/tasks.o
 .bss.xYieldPending
                0x240041d4        0x4 ./Middlewares/Third_Party/FreeRTOS/tasks.o
 .bss.xNumOfOverflows
                0x240041d8        0x4 ./Middlewares/Third_Party/FreeRTOS/tasks.o
 .bss.uxTaskNumber
                0x240041dc        0x4 ./Middlewares/Third_Party/FreeRTOS/tasks.o
 .bss.xNextTaskUnblockTime
                0x240041e0        0x4 ./Middlewares/Third_Party/FreeRTOS/tasks.o
 .bss.xIdleTaskHandle
                0x240041e4        0x4 ./Middlewares/Third_Party/FreeRTOS/tasks.o
 .bss.uxSchedulerSuspended
                0x240041e8        0x4 ./Middlewares/Third_Party/FreeRTOS/tasks.o
 .bss._metal    0x240041ec       0x20 ./Middlewares/Third_Party/OpenAMP/generic_init.o
                0x240041ec                _metal
 .bss.msg_received
                0x2400420c        0x4 ./OPENAMP/mbox_hsem.o
 .bss.shm_io    0x24004210        0x4 ./OPENAMP/openamp.o
 .bss.rsc_io    0x24004214        0x4 ./OPENAMP/openamp.o
 .bss.rsc_table
                0x24004218        0x4 ./OPENAMP/openamp.o
 .bss.shpool    0x2400421c        0xc ./OPENAMP/openamp.o
 .bss.rvdev     0x24004228       0x78 ./OPENAMP/openamp.o
 .bss.shm_physmap
                0x240042a0        0x4 ./OPENAMP/openamp.o
 .bss.__malloc_sbrk_start
                0x240042a4        0x4 D:/STM32CubeIDE_1.16.0/STM32CubeIDE/plugins/com.st.stm32cube.ide.mcu.externaltools.gnu-tools-for-stm32.12.3.rel1.win32_1.0.200.202406191623/tools/bin/../lib/gcc/arm-none-eabi/12.3.1/../../../../arm-none-eabi/lib/thumb/v7e-m+dp/hard\libc_nano.a(libc_a-mallocr.o)
                0x240042a4                __malloc_sbrk_start
 .bss.__malloc_free_list
                0x240042a8        0x4 D:/STM32CubeIDE_1.16.0/STM32CubeIDE/plugins/com.st.stm32cube.ide.mcu.externaltools.gnu-tools-for-stm32.12.3.rel1.win32_1.0.200.202406191623/tools/bin/../lib/gcc/arm-none-eabi/12.3.1/../../../../arm-none-eabi/lib/thumb/v7e-m+dp/hard\libc_nano.a(libc_a-mallocr.o)
                0x240042a8                __malloc_free_list
 .bss.__sf      0x240042ac      0x138 D:/STM32CubeIDE_1.16.0/STM32CubeIDE/plugins/com.st.stm32cube.ide.mcu.externaltools.gnu-tools-for-stm32.12.3.rel1.win32_1.0.200.202406191623/tools/bin/../lib/gcc/arm-none-eabi/12.3.1/../../../../arm-none-eabi/lib/thumb/v7e-m+dp/hard\libc_nano.a(libc_a-findfp.o)
                0x240042ac                __sf
 .bss.__stdio_exit_handler
                0x240043e4        0x4 D:/STM32CubeIDE_1.16.0/STM32CubeIDE/plugins/com.st.stm32cube.ide.mcu.externaltools.gnu-tools-for-stm32.12.3.rel1.win32_1.0.200.202406191623/tools/bin/../lib/gcc/arm-none-eabi/12.3.1/../../../../arm-none-eabi/lib/thumb/v7e-m+dp/hard\libc_nano.a(libc_a-findfp.o)
                0x240043e4                __stdio_exit_handler
 .bss.errno     0x240043e8        0x4 D:/STM32CubeIDE_1.16.0/STM32CubeIDE/plugins/com.st.stm32cube.ide.mcu.externaltools.gnu-tools-for-stm32.12.3.rel1.win32_1.0.200.202406191623/tools/bin/../lib/gcc/arm-none-eabi/12.3.1/../../../../arm-none-eabi/lib/thumb/v7e-m+dp/hard\libc_nano.a(libc_a-reent.o)
                0x240043e8                errno
 .bss.__lock___malloc_recursive_mutex
                0x240043ec        0x1 D:/STM32CubeIDE_1.16.0/STM32CubeIDE/plugins/com.st.stm32cube.ide.mcu.externaltools.gnu-tools-for-stm32.12.3.rel1.win32_1.0.200.202406191623/tools/bin/../lib/gcc/arm-none-eabi/12.3.1/../../../../arm-none-eabi/lib/thumb/v7e-m+dp/hard\libc_nano.a(libc_a-lock.o)
                0x240043ec                __lock___malloc_recursive_mutex
 .bss.__lock___sfp_recursive_mutex
                0x240043ed        0x1 D:/STM32CubeIDE_1.16.0/STM32CubeIDE/plugins/com.st.stm32cube.ide.mcu.externaltools.gnu-tools-for-stm32.12.3.rel1.win32_1.0.200.202406191623/tools/bin/../lib/gcc/arm-none-eabi/12.3.1/../../../../arm-none-eabi/lib/thumb/v7e-m+dp/hard\libc_nano.a(libc_a-lock.o)
                0x240043ed                __lock___sfp_recursive_mutex
 *(COMMON)
                0x240043f0                        . = ALIGN (0x4)
 *fill*         0x240043ee        0x2 
                0x240043f0                        _ebss = .
                0x240043f0                        __bss_end__ = _ebss

._user_heap_stack
                0x240043f0      0x600 load address 0x08008508
                0x240043f0                        . = ALIGN (0x8)
                [!provide]                        PROVIDE (end = .)
                0x240043f0                        PROVIDE (_end = .)
                0x240045f0                        . = (. + _Min_Heap_Size)
 *fill*         0x240043f0      0x200 
                0x240049f0                        . = (. + _Min_Stack_Size)
 *fill*         0x240045f0      0x400 
                0x240049f0                        . = ALIGN (0x8)

.openamp_section
                0x38000000       0x8c load address 0x08008508
                0x38000000                        . = ABSOLUTE (0x38000000)
 *(.resource_table)
 .resource_table
                0x38000000       0x8c ./OPENAMP/rsc_table.o
                0x38000000                resource_table

/DISCARD/
 libc.a(*)
 libm.a(*)
 libgcc.a(*)

.ARM.attributes
                0x00000000       0x2e
 *(.ARM.attributes)
 .ARM.attributes
                0x00000000       0x20 D:/STM32CubeIDE_1.16.0/STM32CubeIDE/plugins/com.st.stm32cube.ide.mcu.externaltools.gnu-tools-for-stm32.12.3.rel1.win32_1.0.200.202406191623/tools/bin/../lib/gcc/arm-none-eabi/12.3.1/thumb/v7e-m+dp/hard/crti.o
 .ARM.attributes