../../Middlewares/Third_Party/OpenAMP/open-amp/lib/include/openamp/rpmsg.h:147:19:rpmsg_send	32	static
../../Middlewares/Third_Party/OpenAMP/open-amp/lib/include/openamp/rpmsg.h:286:20:rpmsg_init_ept	24	static
../Core/Src/main.c:173:5:main	104	static,ignoring_inline_asm
../Core/Src/main.c:309:6:SystemClock_Config	120	static
../Core/Src/main.c:368:13:MX_GPIO_Init	40	static
../Core/Src/main.c:422:12:rpmsg_recv_callback	24	static
../Core/Src/main.c:430:6:service_destroy_cb	16	static
../Core/Src/main.c:438:6:new_service_cb	32	static
../Core/Src/main.c:445:10:GraytoNatural	24	static
../Core/Src/main.c:457:6:dev_encoder_read	16	static
../Core/Src/main.c:471:6:hai_ssi_clk_clr	16	static
../Core/Src/main.c:484:6:hai_ssi_clk_set	16	static
../Core/Src/main.c:497:15:hai_ssi_data_in	24	static
../Core/Src/main.c:515:13:hal_ssi_delay_us	24	static
../Core/Src/main.c:521:10:hal_ssi_readbit	24	static,ignoring_inline_asm
../Core/Src/main.c:553:6:rxTaskFun	24	static
../Core/Src/main.c:576:6:txTaskFun	32	static
../Core/Src/main.c:602:6:MPU_Config	24	static
../Core/Src/main.c:637:6:HAL_TIM_PeriodElapsedCallback	16	static
../Core/Src/main.c:654:6:Error_Handler	4	static,ignoring_inline_asm
